Microchip MPLAB XC8 Compiler V2.10 ()

Linker command line:

-W-3 --edf=C:\Program Files (x86)\Microchip\xc8\v2.10\pic\dat\en_msgs.txt \
  -cs -h+dist/default/production\ModbusShift.production.sym \
  --cmf=dist/default/production\ModbusShift.production.cmf -z -Q18F46K40 \
  -oC:\Users\danie\AppData\Local\Temp\s35g.2 --defsym=__MPLAB_BUILD=1 \
  -Mdist/default/production/ModbusShift.production.map -E1 -ver=XC8 \
  --acfsm=1493 -ASTACK=0564h-0E87h -pstack=STACK -ACODE=00h-0FFFFh \
  -ACONST=00h-0FFFFh -ASMALLCONST=0F00h-0FFFhx241 \
  -AMEDIUMCONST=0F00h-0FFFFh -ACOMRAM=01h-05Fh -AABS1=00h-0E87h \
  -ABIGRAM=01h-0E87h -ARAM=060h-0FFh,0100h-01FFhx13,0E00h-0E87h \
  -ABANK0=060h-0FFh -ABANK1=0100h-01FFh -ABANK2=0200h-02FFh \
  -ABANK3=0300h-03FFh -ABANK4=0400h-04FFh -ABANK5=0500h-05FFh \
  -ABANK6=0600h-06FFh -ABANK7=0700h-07FFh -ABANK8=0800h-08FFh \
  -ABANK9=0900h-09FFh -ABANK10=0A00h-0AFFh -ABANK11=0B00h-0BFFh \
  -ABANK12=0C00h-0CFFh -ABANK13=0D00h-0DFFh -ABANK14=0E00h-0E87h \
  -ASFR=0E8Dh-0EFFh,0F00h-0F5Fh,0F60h-0FFFh \
  -preset_vec=00h,intcode=08h,intcodelo,powerup,init -pramtop=0F00h \
  -psmallconst=SMALLCONST -pmediumconst=MEDIUMCONST -pconst=CONST \
  -AFARRAM=00h-00h -ACONFIG=0300000h-030000Bh -pconfig=CONFIG \
  -AIDLOC=0200000h-020000Fh -pidloc=IDLOC -AEEDATA=0310000h-03103FFh \
  -peeprom_data=EEDATA \
  -prdata=COMRAM,nvrram=COMRAM,nvbit=COMRAM,rbss=COMRAM,rbit=COMRAM \
  -pfarbss=FARRAM,fardata=FARRAM,nvFARRAM=FARRAM \
  -pintsave_regs=BIGRAM,bigbss=BIGRAM,bigdata=BIGRAM -pbss=RAM \
  -pidata=CODE,irdata=CODE,ibigdata=CODE,ifardata=CODE -prparam=COMRAM \
  C:\Users\danie\AppData\Local\Temp\s35g.o \
  dist/default/production\ModbusShift.production.o 

Object code version is 3.11

Machine type is 18F46K40

Call graph: (short form)




                Name                               Link     Load   Length Selector   Space Scale
C:\Users\danie\AppData\Local\Temp\s35g.o
                init                                126      126        4        4       0
                reset_vec                             0        0        4        0       0
                idloc                            200000   200000       10   200000       0
                config                           300000   300000        C   300000       0
dist/default/production\ModbusShift.production.o
                intcode                               8        8      11E        4       0
                temp                                 5B       5B        1        1       1
                mediumconst                        F62A     F62A      9D6     7B15       0
                text97                             452C     452C       2C     1D67       0
                text96                             4766     4766        6     1D67       0
                text95                             4776     4776        2     1D67       0
                text94                             4760     4760        6     1D67       0
                text93                             36DA     36DA       C0        4       0
                text92                             4270     4270       44     1D67       0
                text91                             4500     4500       2C     1D67       0
                text90                             475A     475A        6     1D67       0
                text89                             4774     4774        2     1D67       0
                text88                             4746     4746        8     1D67       0
                text87                             3494     3494       C4        4       0
                text86                             41A0     41A0       48     1D67       0
                text84                             410A     410A       4C     1D67       0
                text83                             42B4     42B4       42     1D67       0
                text82                             44D2     44D2       2E     1D67       0
                text81                             3EAE     3EAE       5E     1D67       0
                text80                             46C4     46C4       14     1D67       0
                text79                             4682     4682       18     1D67       0
                text78                             4754     4754        6     1D67       0
                text77                             3C5A     3C5A       6E     1D67       0
                text76                             3216     3216       DC        4       0
                text75                             361A     361A       C0        4       0
                text74                             45A6     45A6       26     1D67       0
                text73                             449A     449A       38     1D67       0
                text72                             4018     4018       52     1D67       0
                text71                             25B2     25B2      19A        4       0
                text70                             274C     274C      188        4       0
                text69                             2A50     2A50      164        4       0
                text68                             4376     4376       40     1D67       0
                text67                             3E50     3E50       5E     1D67       0
                text66                             473C     473C        A     1D67       0
                text65                             39A4     39A4       96        4       0
                text64                             422C     422C       44     1D67       0
                text63                             40BA     40BA       50     1D67       0
                text62                             3558     3558       C2        4       0
                text61                             121A     121A      2E0        4       0
                text60                             2418     2418      19A        4       0
                text59                             304A     304A       F0        4       0
                text58                             33C4     33C4       D0        4       0
                text57                             1CBA     1CBA      202        4       0
                text56                             43B6     43B6       3C     1D67       0
                text55                             4462     4462       38     1D67       0
                text54                             442A     442A       38     1D67       0
                text53                             3DF2     3DF2       5E     1D67       0
                text52                             14FA     14FA      2D6        4       0
                text51                              8F8      8F8      58A        4       0
                text50                             3D30     3D30       64     1D67       0
                text49                             4558     4558       28     1D67       0
                text48                              12A      12A      7CE        4       0
                text47                             1A8C     1A8C      22E        4       0
                text46                             32F2     32F2       D2        4       0
                text45                             4156     4156       4A     1D67       0
                text44                             3FC0     3FC0       58     1D67       0
                text43                             466A     466A       18     1D67       0
                text42                             474E     474E        6     1D67       0
                text41                             2BB4     2BB4      15C        4       0
                text40                             28D4     28D4      17C        4       0
                text39                             3CC8     3CC8       68     1D67       0
                text38                             469A     469A       16     1D67       0
                text37                             4652     4652       18     1D67       0
                text36                             3858     3858       AA        4       0
                text35                             17D0     17D0      2BC        4       0
                text34                             4770     4770        4     1D67       0
                text33                             406A     406A       50     1D67       0
                text32                             4732     4732        A     1D67       0
                text31                             4728     4728        A     1D67       0
                text30                             471E     471E        A     1D67       0
                text29                             4714     4714        A     1D67       0
                text28                             470A     470A        A     1D67       0
                text27                             3B5C     3B5C       80     1D67       0
                text26                             4700     4700        A     1D67       0
                text25                             46F6     46F6        A     1D67       0
                text24                             46EC     46EC        A     1D67       0
                text23                             46E2     46E2        A     1D67       0
                text22                             46D8     46D8        A     1D67       0
                text21                             3BDC     3BDC       7E     1D67       0
                text20                             476C     476C        4     1D67       0
                text19                             463A     463A       18     1D67       0
                text18                             3ACE     3ACE       8E     1D67       0
                text17                             45EE     45EE       1C     1D67       0
                text16                             45CC     45CC       22     1D67       0
                text15                             4622     4622       18     1D67       0
                text14                             379A     379A       BE        4       0
                text13                             1EBC     1EBC      1F0        4       0
                text12                              E82      E82      398        4       0
                text11                             41E8     41E8       44     1D67       0
                text10                             3F0C     3F0C       5C     1D67       0
                text9                              3F68     3F68       58     1D67       0
                text8                              460A     460A       18     1D67       0
                text7                              313A     313A       DC        4       0
                text6                              3D94     3D94       5E     1D67       0
                text5                              4580     4580       26     1D67       0
                text4                              2D10     2D10      124        4       0
                text3                              20AC     20AC      1D0        4       0
                text2                              43F2     43F2       38     1D67       0
                text1                              227C     227C      19C        4       0
                text0                              2E34     2E34      11C        4       0
                cstackCOMRAM                          1        1       56        1       1
                cstackBANK0                          60       60       6B       60       1
                cstackBANK1                         193      193       46      100       1
                bssBANK5                            500      500       64      500       1
                dataBANK4                           464      464       40      400       1
                bssBANK4                            400      400       64      400       1
                dataBANK3                           3B7      3B7       40      300       1
                bssBANK3                            300      300       B7      300       1
                dataBANK2                           200      200       A2      200       1
                bssBANK2                            2A2      2A2       5B      200       1
                dataBANK1                           100      100       93      100       1
                bssBANK1                            1EB      1EB       10      100       1
                dataBANK0                            E8       E8       14       60       1
                bssBANK0                             CB       CB       1D       60       1
                bssCOMRAM                            57       57        4        1       1
                cinit                              2F50     2F50       FA        4       0
                nvBANK1                             1D9      1D9       12      100       1
                nvBANK0                              FC       FC        4       60       1
                idataBANK4                         4336     4336       40     1D67       0
                idataBANK3                         42F6     42F6       40     1D67       0
                idataBANK2                         3902     3902       A2        4       0
                idataBANK1                         3A3A     3A3A       93        4       0
                idataBANK0                         46B0     46B0       14     1D67       0

TOTAL           Name                               Link     Load   Length     Space
        CLASS   STACK          

        CLASS   CODE           
                intcode                               8        8      11E         0
                init                                126      126        4         0
                reset_vec                             0        0        4         0
                text97                             452C     452C       2C         0
                text96                             4766     4766        6         0
                text95                             4776     4776        2         0
                text94                             4760     4760        6         0
                text93                             36DA     36DA       C0         0
                text92                             4270     4270       44         0
                text91                             4500     4500       2C         0
                text90                             475A     475A        6         0
                text89                             4774     4774        2         0
                text88                             4746     4746        8         0
                text87                             3494     3494       C4         0
                text86                             41A0     41A0       48         0
                text84                             410A     410A       4C         0
                text83                             42B4     42B4       42         0
                text82                             44D2     44D2       2E         0
                text81                             3EAE     3EAE       5E         0
                text80                             46C4     46C4       14         0
                text79                             4682     4682       18         0
                text78                             4754     4754        6         0
                text77                             3C5A     3C5A       6E         0
                text76                             3216     3216       DC         0
                text75                             361A     361A       C0         0
                text74                             45A6     45A6       26         0
                text73                             449A     449A       38         0
                text72                             4018     4018       52         0
                text71                             25B2     25B2      19A         0
                text70                             274C     274C      188         0
                text69                             2A50     2A50      164         0
                text68                             4376     4376       40         0
                text67                             3E50     3E50       5E         0
                text66                             473C     473C        A         0
                text65                             39A4     39A4       96         0
                text64                             422C     422C       44         0
                text63                             40BA     40BA       50         0
                text62                             3558     3558       C2         0
                text61                             121A     121A      2E0         0
                text60                             2418     2418      19A         0
                text59                             304A     304A       F0         0
                text58                             33C4     33C4       D0         0
                text57                             1CBA     1CBA      202         0
                text56                             43B6     43B6       3C         0
                text55                             4462     4462       38         0
                text54                             442A     442A       38         0
                text53                             3DF2     3DF2       5E         0
                text52                             14FA     14FA      2D6         0
                text51                              8F8      8F8      58A         0
                text50                             3D30     3D30       64         0
                text49                             4558     4558       28         0
                text48                              12A      12A      7CE         0
                text47                             1A8C     1A8C      22E         0
                text46                             32F2     32F2       D2         0
                text45                             4156     4156       4A         0
                text44                             3FC0     3FC0       58         0
                text43                             466A     466A       18         0
                text42                             474E     474E        6         0
                text41                             2BB4     2BB4      15C         0
                text40                             28D4     28D4      17C         0
                text39                             3CC8     3CC8       68         0
                text38                             469A     469A       16         0
                text37                             4652     4652       18         0
                text36                             3858     3858       AA         0
                text35                             17D0     17D0      2BC         0
                text34                             4770     4770        4         0
                text33                             406A     406A       50         0
                text32                             4732     4732        A         0
                text31                             4728     4728        A         0
                text30                             471E     471E        A         0
                text29                             4714     4714        A         0
                text28                             470A     470A        A         0
                text27                             3B5C     3B5C       80         0
                text26                             4700     4700        A         0
                text25                             46F6     46F6        A         0
                text24                             46EC     46EC        A         0
                text23                             46E2     46E2        A         0
                text22                             46D8     46D8        A         0
                text21                             3BDC     3BDC       7E         0
                text20                             476C     476C        4         0
                text19                             463A     463A       18         0
                text18                             3ACE     3ACE       8E         0
                text17                             45EE     45EE       1C         0
                text16                             45CC     45CC       22         0
                text15                             4622     4622       18         0
                text14                             379A     379A       BE         0
                text13                             1EBC     1EBC      1F0         0
                text12                              E82      E82      398         0
                text11                             41E8     41E8       44         0
                text10                             3F0C     3F0C       5C         0
                text9                              3F68     3F68       58         0
                text8                              460A     460A       18         0
                text7                              313A     313A       DC         0
                text6                              3D94     3D94       5E         0
                text5                              4580     4580       26         0
                text4                              2D10     2D10      124         0
                text3                              20AC     20AC      1D0         0
                text2                              43F2     43F2       38         0
                text1                              227C     227C      19C         0
                text0                              2E34     2E34      11C         0
                cinit                              2F50     2F50       FA         0
                idataBANK4                         4336     4336       40         0
                idataBANK3                         42F6     42F6       40         0
                idataBANK2                         3902     3902       A2         0
                idataBANK1                         3A3A     3A3A       93         0
                idataBANK0                         46B0     46B0       14         0

        CLASS   CONST          

        CLASS   SMALLCONST     

        CLASS   MEDIUMCONST    
                mediumconst                        F62A     F62A      9D6         0

        CLASS   COMRAM         
                temp                                 5B       5B        1         1
                cstackCOMRAM                          1        1       56         1
                bssCOMRAM                            57       57        4         1

        CLASS   ABS1           

        CLASS   BIGRAM         

        CLASS   RAM            

        CLASS   BANK0          
                cstackBANK0                          60       60       6B         1
                dataBANK0                            E8       E8       14         1
                bssBANK0                             CB       CB       1D         1
                nvBANK0                              FC       FC        4         1

        CLASS   BANK1          
                cstackBANK1                         193      193       46         1
                dataBANK1                           100      100       93         1
                bssBANK1                            1EB      1EB       10         1
                nvBANK1                             1D9      1D9       12         1

        CLASS   BANK2          
                dataBANK2                           200      200       A2         1
                bssBANK2                            2A2      2A2       5B         1

        CLASS   BANK3          
                dataBANK3                           3B7      3B7       40         1
                bssBANK3                            300      300       B7         1

        CLASS   BANK4          
                dataBANK4                           464      464       40         1
                bssBANK4                            400      400       64         1

        CLASS   BANK5          
                bssBANK5                            500      500       64         1

        CLASS   BANK6          

        CLASS   BANK7          

        CLASS   BANK8          

        CLASS   BANK9          

        CLASS   BANK10         

        CLASS   BANK11         

        CLASS   BANK12         

        CLASS   BANK13         

        CLASS   BANK14         

        CLASS   SFR            

        CLASS   FARRAM         

        CLASS   CONFIG         
                config                           300000   300000        C         0

        CLASS   IDLOC          
                idloc                            200000   200000       10         0

        CLASS   EEDATA         



SEGMENTS        Name                           Load    Length   Top    Selector   Space  Class

                reset_vec                      000000  000004  000004         0       0  CODE    
                cstackCOMRAM                   000001  00005B  00005C         1       1  COMRAM  
                intcode                        000008  003AC5  003ACD         4       0  CODE    
                cstackBANK0                    000060  0000A0  000100        60       1  BANK0   
                dataBANK1                      000100  0000FB  0001FB       100       1  BANK1   
                dataBANK2                      000200  0000FD  0002FD       200       1  BANK2   
                bssBANK3                       000300  0000F7  0003F7       300       1  BANK3   
                bssBANK4                       000400  0000A4  0004A4       400       1  BANK4   
                bssBANK5                       000500  000064  000564       500       1  BANK5   
                text18                         003ACE  000CAA  004778      1D67       0  CODE    
                mediumconst                    00F62A  0009D6  010000      7B15       0  MEDIUMCO
                idloc                          200000  000010  200010    200000       0  IDLOC   
                config                         300000  00000C  30000C    300000       0  CONFIG  


UNUSED ADDRESS RANGES

        Name                Unused          Largest block    Delta
        BANK1            0001FB-0001FF                5
        BANK10           000A00-000AFF              100
        BANK11           000B00-000BFF              100
        BANK12           000C00-000CFF              100
        BANK13           000D00-000DFF              100
        BANK14           000E00-000E87               88
        BANK2            0002FD-0002FF                3
        BANK3            0003F7-0003FF                9
        BANK4            0004A4-0004FF               5C
        BANK5            000564-0005FF               9C
        BANK6            000600-0006FF              100
        BANK7            000700-0007FF              100
        BANK8            000800-0008FF              100
        BANK9            000900-0009FF              100
        BIGRAM           00005C-00005F                4
                         0001FB-0001FF                5
                         0002FD-0002FF                3
                         0003F7-0003FF                9
                         0004A4-0004FF               5C
                         000564-000E87              924
        CODE             000004-000007                4
                         003ACD-003ACD                1
                         004778-00F629             AEB2
        COMRAM           00005C-00005F                4
        CONST            000004-000007                4
                         003ACD-003ACD                1
                         004778-00F629             AEB2
        EEDATA           310000-3103FF              400
        MEDIUMCONST      003ACD-003ACD                1
                         004778-00F629             AEB2
        RAM              0001FB-0001FF                5
                         0002FD-0002FF                3
                         0003F7-0003FF                9
                         0004A4-0004FF               5C
                         000564-000E87              100
        SFR              000E8D-000FFF               73
        SMALLCONST       003ACD-003ACD                1
                         004778-00F629              100
        STACK            000564-000E87              924

                                  Symbol Table

?_ADCC_GetSingleConversion                      cstackCOMRAM 000005
?_ReadRX232                                     cstackBANK0  00008D
?___aodiv                                       cstackCOMRAM 000005
?___aomod                                       cstackCOMRAM 000005
?___lodiv                                       cstackCOMRAM 000005
?___lomod                                       cstackCOMRAM 000005
?___wmul                                        cstackCOMRAM 000005
?_abs                                           cstackCOMRAM 000017
?_atoi                                          cstackCOMRAM 00000C
?_dtoa                                          cstackCOMRAM 000022
?_generateCRC                                   cstackCOMRAM 000005
?_isalpha                                       cstackCOMRAM 000005
?_isdigit                                       cstackCOMRAM 000005
?_islower                                       cstackCOMRAM 000005
?_isspace                                       cstackCOMRAM 000005
?_isupper                                       cstackCOMRAM 000005
?_pad                                           cstackCOMRAM 000017
?_printf                                        cstackBANK0  00007D
?_stoa                                          cstackCOMRAM 000010
?_strcmp                                        cstackCOMRAM 000005
?_strlen                                        cstackCOMRAM 000005
?_toupper                                       cstackCOMRAM 00000B
?_utoa                                          cstackCOMRAM 000022
?_vfpfcnvrt                                     cstackCOMRAM 000049
?_vfprintf                                      cstackBANK0  000077
?_xtoa                                          cstackCOMRAM 000022
ADCC_GetSingleConversion@channel                cstackCOMRAM 000009
AddRxBuffToModBus@i                             cstackBANK0  00008D
CardConfigIni@Name                              cstackCOMRAM 00000A
CardConfigIni@NumBytes                          cstackCOMRAM 000010
CardConfigIni@RetNum                            cstackCOMRAM 00000C
CardConfigIni@dataeeAddrWrk                     cstackCOMRAM 00000E
CardConfigIni@i                                 cstackCOMRAM 000016
CardConfigIni@j                                 cstackCOMRAM 000014
CardConfigIni@readDataEven                      cstackCOMRAM 000019
CardConfigIni@readDataOdd                       cstackCOMRAM 000018
ClearEEAddRange@NumBytes                        cstackBANK0  00008F
ClearEEAddRange@StartAdd                        cstackBANK0  00008D
ClearEEAddRange@i                               cstackCOMRAM 000055
ClearModbusData@i                               cstackCOMRAM 000005
ClearModbusRespon@i                             cstackCOMRAM 000005
ClearRxBuff@i                                   cstackCOMRAM 000006
DATAEE_ReadByte@bAdd                            cstackCOMRAM 000005
DATAEE_WriteByte@GIEBitValue                    cstackCOMRAM 000008
DATAEE_WriteByte@bAdd                           cstackCOMRAM 000005
DATAEE_WriteByte@bData                          cstackCOMRAM 000007
EUSART1_Read@readValue                          cstackCOMRAM 000005
EUSART1_SetErrorHandler@interruptHandler        cstackCOMRAM 000005
EUSART1_SetFramingErrorHandler@interruptHandler cstackCOMRAM 000005
EUSART1_SetOverrunErrorHandler@interruptHandler cstackCOMRAM 000005
EUSART1_SetRxInterruptHandler@interruptHandler  cstackCOMRAM 000005
EUSART1_SetTxInterruptHandler@interruptHandler  cstackCOMRAM 000005
EUSART1_Write@txData                            cstackCOMRAM 000005
EUSART2_Read@readValue                          cstackCOMRAM 000005
EUSART2_SetErrorHandler@interruptHandler        cstackCOMRAM 000005
EUSART2_SetFramingErrorHandler@interruptHandler cstackCOMRAM 000005
EUSART2_SetOverrunErrorHandler@interruptHandler cstackCOMRAM 000005
EUSART2_SetRxInterruptHandler@interruptHandler  cstackCOMRAM 000005
EUSART2_SetTxInterruptHandler@interruptHandler  cstackCOMRAM 000005
EUSART2_Write@txData                            cstackCOMRAM 000005
InitialiseString@Date                           cstackBANK0  0000A0
InitialiseString@F10763                         dataBANK2    00024C
InitialiseString@F10766                         dataBANK1    00017E
InitialiseString@PartNum                        cstackBANK0  00008D
InitialiseString@Partial                        cstackBANK0  0000BE
InitialiseString@RevNum                         cstackBANK0  0000C1
InitialiseString@SerialNum                      cstackBANK0  0000B3
InitialiseString@Time                           cstackBANK0  0000AB
InitialiseString@convertedValue                 cstackBANK0  0000BF
InitialiseString@i                              cstackBANK0  0000C7
InitialiseString@i_1472                         cstackBANK0  0000C9
InitialiseString@j                              cstackBANK0  0000C5
InitialiseString@readDataEven                   cstackBANK0  0000C4
InitialiseString@readDataOdd                    cstackBANK0  0000C3
ModbusError@ErrorCode                           cstackCOMRAM 000014
ModbusFC03@convertedValue                       cstackBANK0  000091
ModbusFC03@error                                cstackBANK0  000093
ModbusFC03@i                                    cstackBANK0  000094
ModbusFC10@TempData                             cstackBANK0  000091
ModbusFC10@error                                cstackBANK0  000093
ModbusFC10@i                                    cstackBANK0  000094
ModbusFC10@j                                    cstackBANK0  000096
PrintMB400@i                                    cstackCOMRAM 000055
PrintModRespon@i                                cstackBANK0  00008D
PrintModbus@i                                   cstackBANK0  000094
PrintModbus@j                                   cstackBANK0  000092
ReadRX232@F10772                                dataBANK0    0000F2
ReadRX232@NumChars                              cstackBANK0  00008D
ReadRX232@temp                                  cstackCOMRAM 000055
SaveCardDat@Conf                                cstackBANK0  0000A1
SaveCardDat@MBAddress                           cstackBANK0  000093
SaveCardDat@Name                                cstackBANK0  000091
SaveCardDat@NumBytes                            cstackBANK0  000097
SaveCardDat@dataeeAddr                          cstackBANK0  000095
SaveCardDat@dataeeAddrWrk                       cstackBANK0  00009D
SaveCardDat@i                                   cstackBANK0  00009F
UART1_Write_string@data                         cstackCOMRAM 000006
UART1_Write_string@data_len                     cstackCOMRAM 000008
UART1_Write_string@i                            cstackCOMRAM 00000B
ValidateCmd@ConfName                            cstackBANK1  000193
ValidateCmd@ConfName_1538                       cstackBANK1  0001A7
ValidateCmd@ConfName_1542                       cstackBANK1  0001BB
ValidateCmd@F10790                              dataBANK2    000228
ValidateCmd@F10793                              dataBANK2    000214
ValidateCmd@F10796                              dataBANK2    000200
_ADACCH                                         (abs)        000F71
_ADACCL                                         (abs)        000F70
_ADACQ                                          (abs)        000F5C
_ADACT                                          (abs)        000F56
_ADCAP                                          (abs)        000F5D
_ADCC_DisableContinuousConversion               text34       004770
_ADCC_GetSingleConversion                       text82       0044D2
_ADCC_Initialize                                text33       00406A
_ADCLK                                          (abs)        000F57
_ADCNT                                          (abs)        000F67
_ADCON0                                         (abs)        000F60
_ADCON0bits                                     (abs)        000F60
_ADCON1                                         (abs)        000F59
_ADCON1bits                                     (abs)        000F59
_ADCON2                                         (abs)        000F5A
_ADCON2bits                                     (abs)        000F5A
_ADCON3                                         (abs)        000F5B
_ADCON3bits                                     (abs)        000F5B
_ADERRH                                         (abs)        000F6F
_ADERRL                                         (abs)        000F6E
_ADFLTRH                                        (abs)        000F73
_ADFLTRL                                        (abs)        000F72
_ADLTHH                                         (abs)        000F6B
_ADLTHL                                         (abs)        000F6A
_ADPCH                                          (abs)        000F5F
_ADPRE                                          (abs)        000F5E
_ADPREVH                                        (abs)        000F62
_ADPREVL                                        (abs)        000F61
_ADREF                                          (abs)        000F58
_ADRESH                                         (abs)        000F64
_ADRESL                                         (abs)        000F63
_ADRPT                                          (abs)        000F66
_ADSTAT                                         (abs)        000F65
_ADSTATbits                                     (abs)        000F65
_ADSTPTH                                        (abs)        000F69
_ADSTPTL                                        (abs)        000F68
_ADUTHH                                         (abs)        000F6D
_ADUTHL                                         (abs)        000F6C
_ANSELA                                         (abs)        000F11
_ANSELB                                         (abs)        000F19
_ANSELC                                         (abs)        000F21
_ANSELD                                         (abs)        000F26
_ANSELE                                         (abs)        000F2E
_AddRxBuffToModBus                              text46       0032F2
_BAUD1CON                                       (abs)        000F9F
_BAUD2CON                                       (abs)        000E9F
_ByteHi                                         bssBANK0     0000D3
_ByteLo                                         dataBANK0    0000F4
_ByteNum                                        bssBANK0     0000D7
_CardConfigIni                                  text13       001EBC
_ClearEEAddRange                                text10       003F0C
_ClearModbusData                                text84       00410A
_ClearModbusRespon                              text83       0042B4
_ClearRxBuff                                    text45       004156
_Command                                        bssBANK1     0001EB
_DATAEE_ReadByte                                text15       004622
_DATAEE_WriteByte                               text11       0041E8
_Debug                                          bssBANK0     0000DD
_EUSART1_DefaultErrorHandler                    text96       004766
_EUSART1_DefaultFramingErrorHandler             text95       004776
_EUSART1_DefaultOverrunErrorHandler             text94       004760
_EUSART1_ErrorHandler                           nvBANK1      0001D9
_EUSART1_FramingErrorHandler                    nvBANK1      0001DD
_EUSART1_Initialize                             text27       003B5C
_EUSART1_OverrunErrorHandler                    nvBANK1      0001DB
_EUSART1_Read                                   text44       003FC0
_EUSART1_Receive_ISR                            text93       0036DA
_EUSART1_RxDataHandler                          text97       00452C
_EUSART1_RxDefaultInterruptHandler              nvBANK1      0001E5
_EUSART1_SetErrorHandler                        text32       004732
_EUSART1_SetFramingErrorHandler                 text31       004728
_EUSART1_SetOverrunErrorHandler                 text30       00471E
_EUSART1_SetRxInterruptHandler                  text29       004714
_EUSART1_SetTxInterruptHandler                  text28       00470A
_EUSART1_Transmit_ISR                           text92       004270
_EUSART1_TxDefaultInterruptHandler              nvBANK1      0001E7
_EUSART1_Write                                  text81       003EAE
_EUSART1_is_rx_ready                            text43       00466A
_EUSART1_is_tx_done                             text80       0046C4
_EUSART1_is_tx_ready                            text79       004682
_EUSART2_DefaultErrorHandler                    text90       00475A
_EUSART2_DefaultFramingErrorHandler             text89       004774
_EUSART2_DefaultOverrunErrorHandler             text88       004746
_EUSART2_ErrorHandler                           nvBANK1      0001DF
_EUSART2_FramingErrorHandler                    nvBANK1      0001E3
_EUSART2_Initialize                             text21       003BDC
_EUSART2_OverrunErrorHandler                    nvBANK1      0001E1
_EUSART2_Read                                   text9        003F68
_EUSART2_Receive_ISR                            text87       003494
_EUSART2_RxDataHandler                          text91       004500
_EUSART2_RxDefaultInterruptHandler              nvBANK1      0001E9
_EUSART2_SetErrorHandler                        text26       004700
_EUSART2_SetFramingErrorHandler                 text25       0046F6
_EUSART2_SetOverrunErrorHandler                 text24       0046EC
_EUSART2_SetRxInterruptHandler                  text23       0046E2
_EUSART2_SetTxInterruptHandler                  text22       0046D8
_EUSART2_Transmit_ISR                           text86       0041A0
_EUSART2_TxDefaultInterruptHandler              nvBANK0      0000FC
_EUSART2_Write                                  text67       003E50
_EUSART2_is_rx_ready                            text8        00460A
_EUSART2_is_tx_done                             text38       00469A
_EUSART2_is_tx_ready                            text37       004652
_ExpectedBytes                                  dataBANK0    0000F8
_INLVLA                                         (abs)        000F0D
_INLVLB                                         (abs)        000F15
_INLVLC                                         (abs)        000F1D
_INLVLD                                         (abs)        000F22
_INLVLE                                         (abs)        000F2A
_INTCONbits                                     (abs)        000FF2
_INTERRUPT_Initialize                           text20       00476C
_INTERRUPT_InterruptManager                     intcode      000008
_InitialiseString                               text12       000E82
_LATA                                           (abs)        000F83
_LATAbits                                       (abs)        000F83
_LATB                                           (abs)        000F84
_LATC                                           (abs)        000F85
_LATD                                           (abs)        000F86
_LATDbits                                       (abs)        000F86
_LATE                                           (abs)        000F87
_MB300xx                                        dataBANK3    0003B7
_MB301xx                                        dataBANK1    000164
_MB302xx                                        dataBANK0    0000FA
_MB303xx                                        dataBANK0    0000E8
_MB304xx                                        dataBANK1    000172
_MB305xx                                        dataBANK2    00023C
_MB306xx                                        dataBANK1    00018D
_MB400xx                                        dataBANK4    000464
_MBResCRC                                       dataBANK0    0000F6
_MBResCnt                                       bssBANK0     0000D5
_MBRespon                                       dataBANK2    000257
_ModDataCnt                                     bssBANK0     0000D9
_ModbusData                                     dataBANK1    000100
_ModbusError                                    text75       00361A
_ModbusFC03                                     text48       00012A
_ModbusFC10                                     text47       001A8C
_ModbusRx                                       text40       0028D4
_NVMADRH                                        (abs)        000F7F
_NVMADRL                                        (abs)        000F7E
_NVMCON1bits                                    (abs)        000F81
_NVMCON2                                        (abs)        000F82
_NVMDAT                                         (abs)        000F80
_ODCONA                                         (abs)        000F0F
_ODCONB                                         (abs)        000F17
_ODCONC                                         (abs)        000F1F
_ODCOND                                         (abs)        000F24
_ODCONE                                         (abs)        000F2C
_OSCCON1                                        (abs)        000ED8
_OSCCON3                                        (abs)        000EDA
_OSCEN                                          (abs)        000EDC
_OSCFRQ                                         (abs)        000EDE
_OSCILLATOR_Initialize                          text19       00463A
_OSCTUNE                                        (abs)        000EDD
_PIE3bits                                       (abs)        000EC5
_PIN_MANAGER_Initialize                         text18       003ACE
_PIR3bits                                       (abs)        000ECD
_PIR7bits                                       (abs)        000ED1
_PMD0                                           (abs)        000EE1
_PMD1                                           (abs)        000EE2
_PMD2                                           (abs)        000EE3
_PMD3                                           (abs)        000EE4
_PMD4                                           (abs)        000EE5
_PMD5                                           (abs)        000EE6
_PMD_Initialize                                 text17       0045EE
_PrintMB400                                     text39       003CC8
_PrintModRespon                                 text36       003858
_PrintModbus                                    text35       0017D0
_RB6PPS                                         (abs)        000EF5
_RC1REG                                         (abs)        000F99
_RC1STA                                         (abs)        000F9D
_RC1STAbits                                     (abs)        000F9D
_RC2REG                                         (abs)        000E99
_RC2STA                                         (abs)        000E9D
_RC2STAbits                                     (abs)        000E9D
_RC6PPS                                         (abs)        000EFD
_RX1PPS                                         (abs)        000EB5
_RX2PPS                                         (abs)        000E8D
_RXMode                                         text42       00474E
_RXStat                                         bssBANK0     0000DC
_ReadRX232                                      text4        002D10
_SLRCONA                                        (abs)        000F0E
_SLRCONB                                        (abs)        000F16
_SLRCONC                                        (abs)        000F1E
_SLRCOND                                        (abs)        000F23
_SLRCONE                                        (abs)        000F2B
_SP1BRGH                                        (abs)        000F9C
_SP1BRGL                                        (abs)        000F9B
_SP2BRGH                                        (abs)        000E9C
_SP2BRGL                                        (abs)        000E9B
_SYSTEM_Initialize                              text16       0045CC
_SaveCardDat                                    text3        0020AC
_SaveCardDat$2846                               cstackBANK0  00009B
_TABLAT                                         (abs)        000FF5
_TBLPTRH                                        (abs)        000FF7
_TBLPTRL                                        (abs)        000FF6
_TBLPTRU                                        (abs)        000FF8
_TRISA                                          (abs)        000F88
_TRISB                                          (abs)        000F89
_TRISC                                          (abs)        000F8A
_TRISD                                          (abs)        000F8B
_TRISE                                          (abs)        000F8C
_TX1REG                                         (abs)        000F9A
_TX1STA                                         (abs)        000F9E
_TX1STAbits                                     (abs)        000F9E
_TX2REG                                         (abs)        000E9A
_TX2STA                                         (abs)        000E9E
_TX2STAbits                                     (abs)        000E9E
_TXMode                                         text78       004754
_TogDebug                                       text2        0043F2
_UART1_Write_string                             text77       003C5A
_ValidateCmd                                    text1        00227C
_WPUA                                           (abs)        000F10
_WPUB                                           (abs)        000F18
_WPUC                                           (abs)        000F20
_WPUD                                           (abs)        000F25
_WPUE                                           (abs)        000F2D
__CFG_BOREN$SBORDIS                             (abs)        000000
__CFG_BORV$VBOR_2P45                            (abs)        000000
__CFG_CLKOUTEN$OFF                              (abs)        000000
__CFG_CP$OFF                                    (abs)        000000
__CFG_CPD$OFF                                   (abs)        000000
__CFG_CSWEN$ON                                  (abs)        000000
__CFG_DEBUG$OFF                                 (abs)        000000
__CFG_EBTR0$OFF                                 (abs)        000000
__CFG_EBTR1$OFF                                 (abs)        000000
__CFG_EBTR2$OFF                                 (abs)        000000
__CFG_EBTR3$OFF                                 (abs)        000000
__CFG_EBTRB$OFF                                 (abs)        000000
__CFG_FCMEN$ON                                  (abs)        000000
__CFG_FEXTOSC$OFF                               (abs)        000000
__CFG_LPBOREN$OFF                               (abs)        000000
__CFG_LVP$ON                                    (abs)        000000
__CFG_MCLRE$EXTMCLR                             (abs)        000000
__CFG_PPS1WAY$ON                                (abs)        000000
__CFG_PWRTE$OFF                                 (abs)        000000
__CFG_RSTOSC$HFINTOSC_1MHZ                      (abs)        000000
__CFG_SCANE$ON                                  (abs)        000000
__CFG_STVREN$ON                                 (abs)        000000
__CFG_WDTCCS$SC                                 (abs)        000000
__CFG_WDTCPS$WDTCPS_31                          (abs)        000000
__CFG_WDTCWS$WDTCWS_7                           (abs)        000000
__CFG_WDTE$OFF                                  (abs)        000000
__CFG_WRT0$OFF                                  (abs)        000000
__CFG_WRT1$OFF                                  (abs)        000000
__CFG_WRT2$OFF                                  (abs)        000000
__CFG_WRT3$OFF                                  (abs)        000000
__CFG_WRTB$OFF                                  (abs)        000000
__CFG_WRTC$OFF                                  (abs)        000000
__CFG_WRTD$OFF                                  (abs)        000000
__CFG_XINST$OFF                                 (abs)        000000
__CFG_ZCD$OFF                                   (abs)        000000
__HRAM                                          (abs)        000000
__Habs1                                         abs1         000000
__Hbank0                                        bank0        000000
__Hbank1                                        bank1        000000
__Hbank10                                       bank10       000000
__Hbank11                                       bank11       000000
__Hbank12                                       bank12       000000
__Hbank13                                       bank13       000000
__Hbank14                                       bank14       000000
__Hbank2                                        bank2        000000
__Hbank3                                        bank3        000000
__Hbank4                                        bank4        000000
__Hbank5                                        bank5        000000
__Hbank6                                        bank6        000000
__Hbank7                                        bank7        000000
__Hbank8                                        bank8        000000
__Hbank9                                        bank9        000000
__Hbigbss                                       bigbss       000000
__Hbigdata                                      bigdata      000000
__Hbigram                                       bigram       000000
__Hbss                                          bss          000000
__HbssBANK0                                     bssBANK0     000000
__HbssBANK1                                     bssBANK1     000000
__HbssBANK2                                     bssBANK2     000000
__HbssBANK3                                     bssBANK3     000000
__HbssBANK4                                     bssBANK4     000000
__HbssBANK5                                     bssBANK5     000000
__HbssCOMRAM                                    bssCOMRAM    000000
__Hcinit                                        cinit        000000
__Hclrtext                                      clrtext      000000
__Hcomram                                       comram       000000
__Hconfig                                       config       30000C
__Hconst                                        const        000000
__HcstackBANK0                                  cstackBANK0  000000
__HcstackBANK1                                  cstackBANK1  000000
__HcstackCOMRAM                                 cstackCOMRAM 000000
__Hdata                                         data         000000
__HdataBANK0                                    dataBANK0    000000
__HdataBANK1                                    dataBANK1    000000
__HdataBANK2                                    dataBANK2    000000
__HdataBANK3                                    dataBANK3    000000
__HdataBANK4                                    dataBANK4    000000
__Heeprom_data                                  eeprom_data  000000
__Hfarbss                                       farbss       000000
__Hfardata                                      fardata      000000
__Hibigdata                                     ibigdata     000000
__Hidata                                        idata        000000
__HidataBANK0                                   idataBANK0   000000
__HidataBANK1                                   idataBANK1   000000
__HidataBANK2                                   idataBANK2   000000
__HidataBANK3                                   idataBANK3   000000
__HidataBANK4                                   idataBANK4   000000
__Hidloc                                        idloc        200010
__Hifardata                                     ifardata     000000
__Hinit                                         init         00012A
__Hintcode                                      intcode      000126
__Hintcode_body                                 intcode_body 000000
__Hintcodelo                                    intcodelo    000126
__Hintentry                                     intentry     000000
__Hintret                                       intret       000000
__Hintsave_regs                                 intsave_regs 000000
__Hirdata                                       irdata       000000
__Hmediumconst                                  mediumconst  010000
__HnvBANK0                                      nvBANK0      000000
__HnvBANK1                                      nvBANK1      000000
__HnvFARRAM                                     nvFARRAM     000000
__Hnvbit                                        nvbit        000000
__Hnvrram                                       nvrram       000000
__Hparam                                        rparam       000000
__Hpowerup                                      powerup      000126
__Hram                                          ram          000000
__Hramtop                                       ramtop       000F00
__Hrbit                                         rbit         000000
__Hrbss                                         rbss         000000
__Hrdata                                        rdata        000000
__Hreset_vec                                    reset_vec    000004
__Hrparam                                       rparam       000000
__Hsfr                                          sfr          000000
__Hsmallconst                                   smallconst   000000
__Hspace_0                                      (abs)        30000C
__Hspace_1                                      (abs)        000564
__Hspace_2                                      (abs)        000000
__Hstack                                        stack        000000
__Hstruct                                       struct       000000
__Htemp                                         temp         00005C
__Htext                                         text         000000
__Htext0                                        text0        000000
__Htext1                                        text1        000000
__Htext10                                       text10       000000
__Htext11                                       text11       000000
__Htext12                                       text12       000000
__Htext13                                       text13       000000
__Htext14                                       text14       000000
__Htext15                                       text15       000000
__Htext16                                       text16       000000
__Htext17                                       text17       000000
__Htext18                                       text18       000000
__Htext19                                       text19       000000
__Htext2                                        text2        000000
__Htext20                                       text20       000000
__Htext21                                       text21       000000
__Htext22                                       text22       000000
__Htext23                                       text23       000000
__Htext24                                       text24       000000
__Htext25                                       text25       000000
__Htext26                                       text26       000000
__Htext27                                       text27       000000
__Htext28                                       text28       000000
__Htext29                                       text29       000000
__Htext3                                        text3        000000
__Htext30                                       text30       000000
__Htext31                                       text31       000000
__Htext32                                       text32       000000
__Htext33                                       text33       000000
__Htext34                                       text34       000000
__Htext35                                       text35       000000
__Htext36                                       text36       000000
__Htext37                                       text37       000000
__Htext38                                       text38       000000
__Htext39                                       text39       000000
__Htext4                                        text4        000000
__Htext40                                       text40       000000
__Htext41                                       text41       000000
__Htext42                                       text42       000000
__Htext43                                       text43       000000
__Htext44                                       text44       000000
__Htext45                                       text45       000000
__Htext46                                       text46       000000
__Htext47                                       text47       000000
__Htext48                                       text48       000000
__Htext49                                       text49       000000
__Htext5                                        text5        000000
__Htext50                                       text50       000000
__Htext51                                       text51       000000
__Htext52                                       text52       000000
__Htext53                                       text53       000000
__Htext54                                       text54       000000
__Htext55                                       text55       000000
__Htext56                                       text56       000000
__Htext57                                       text57       000000
__Htext58                                       text58       000000
__Htext59                                       text59       000000
__Htext6                                        text6        000000
__Htext60                                       text60       000000
__Htext61                                       text61       000000
__Htext62                                       text62       000000
__Htext63                                       text63       000000
__Htext64                                       text64       000000
__Htext65                                       text65       000000
__Htext66                                       text66       000000
__Htext67                                       text67       000000
__Htext68                                       text68       000000
__Htext69                                       text69       000000
__Htext7                                        text7        000000
__Htext70                                       text70       000000
__Htext71                                       text71       000000
__Htext72                                       text72       000000
__Htext73                                       text73       000000
__Htext74                                       text74       000000
__Htext75                                       text75       000000
__Htext76                                       text76       000000
__Htext77                                       text77       000000
__Htext78                                       text78       000000
__Htext79                                       text79       000000
__Htext8                                        text8        000000
__Htext80                                       text80       000000
__Htext81                                       text81       000000
__Htext82                                       text82       000000
__Htext83                                       text83       000000
__Htext84                                       text84       000000
__Htext86                                       text86       000000
__Htext87                                       text87       000000
__Htext88                                       text88       000000
__Htext89                                       text89       000000
__Htext9                                        text9        000000
__Htext90                                       text90       000000
__Htext91                                       text91       000000
__Htext92                                       text92       000000
__Htext93                                       text93       000000
__Htext94                                       text94       000000
__Htext95                                       text95       000000
__Htext96                                       text96       000000
__Htext97                                       text97       000000
__Htext98                                       text98       000000
__LRAM                                          (abs)        000001
__Labs1                                         abs1         000000
__Lbank0                                        bank0        000000
__Lbank1                                        bank1        000000
__Lbank10                                       bank10       000000
__Lbank11                                       bank11       000000
__Lbank12                                       bank12       000000
__Lbank13                                       bank13       000000
__Lbank14                                       bank14       000000
__Lbank2                                        bank2        000000
__Lbank3                                        bank3        000000
__Lbank4                                        bank4        000000
__Lbank5                                        bank5        000000
__Lbank6                                        bank6        000000
__Lbank7                                        bank7        000000
__Lbank8                                        bank8        000000
__Lbank9                                        bank9        000000
__Lbigbss                                       bigbss       000000
__Lbigdata                                      bigdata      000000
__Lbigram                                       bigram       000000
__Lbss                                          bss          000000
__LbssBANK0                                     bssBANK0     000000
__LbssBANK1                                     bssBANK1     000000
__LbssBANK2                                     bssBANK2     000000
__LbssBANK3                                     bssBANK3     000000
__LbssBANK4                                     bssBANK4     000000
__LbssBANK5                                     bssBANK5     000000
__LbssCOMRAM                                    bssCOMRAM    000000
__Lcinit                                        cinit        000000
__Lclrtext                                      clrtext      000000
__Lcomram                                       comram       000000
__Lconfig                                       config       300000
__Lconst                                        const        000000
__LcstackBANK0                                  cstackBANK0  000000
__LcstackBANK1                                  cstackBANK1  000000
__LcstackCOMRAM                                 cstackCOMRAM 000000
__Ldata                                         data         000000
__LdataBANK0                                    dataBANK0    000000
__LdataBANK1                                    dataBANK1    000000
__LdataBANK2                                    dataBANK2    000000
__LdataBANK3                                    dataBANK3    000000
__LdataBANK4                                    dataBANK4    000000
__Leeprom_data                                  eeprom_data  000000
__Lfarbss                                       farbss       000000
__Lfardata                                      fardata      000000
__Libigdata                                     ibigdata     000000
__Lidata                                        idata        000000
__LidataBANK0                                   idataBANK0   000000
__LidataBANK1                                   idataBANK1   000000
__LidataBANK2                                   idataBANK2   000000
__LidataBANK3                                   idataBANK3   000000
__LidataBANK4                                   idataBANK4   000000
__Lidloc                                        idloc        200000
__Lifardata                                     ifardata     000000
__Linit                                         init         000126
__Lintcode                                      intcode      000008
__Lintcode_body                                 intcode_body 000000
__Lintcodelo                                    intcodelo    000126
__Lintentry                                     intentry     000000
__Lintret                                       intret       000000
__Lintsave_regs                                 intsave_regs 000000
__Lirdata                                       irdata       000000
__Lmediumconst                                  mediumconst  00F62A
__LnvBANK0                                      nvBANK0      000000
__LnvBANK1                                      nvBANK1      000000
__LnvFARRAM                                     nvFARRAM     000000
__Lnvbit                                        nvbit        000000
__Lnvrram                                       nvrram       000000
__Lparam                                        rparam       000000
__Lpowerup                                      powerup      000126
__Lram                                          ram          000000
__Lramtop                                       ramtop       000F00
__Lrbit                                         rbit         000000
__Lrbss                                         rbss         000000
__Lrdata                                        rdata        000000
__Lreset_vec                                    reset_vec    000000
__Lrparam                                       rparam       000000
__Lsfr                                          sfr          000000
__Lsmallconst                                   smallconst   000000
__Lspace_0                                      (abs)        000000
__Lspace_1                                      (abs)        000000
__Lspace_2                                      (abs)        000000
__Lstack                                        stack        000000
__Lstruct                                       struct       000000
__Ltemp                                         temp         00005B
__Ltext                                         text         000000
__Ltext0                                        text0        000000
__Ltext1                                        text1        000000
__Ltext10                                       text10       000000
__Ltext11                                       text11       000000
__Ltext12                                       text12       000000
__Ltext13                                       text13       000000
__Ltext14                                       text14       000000
__Ltext15                                       text15       000000
__Ltext16                                       text16       000000
__Ltext17                                       text17       000000
__Ltext18                                       text18       000000
__Ltext19                                       text19       000000
__Ltext2                                        text2        000000
__Ltext20                                       text20       000000
__Ltext21                                       text21       000000
__Ltext22                                       text22       000000
__Ltext23                                       text23       000000
__Ltext24                                       text24       000000
__Ltext25                                       text25       000000
__Ltext26                                       text26       000000
__Ltext27                                       text27       000000
__Ltext28                                       text28       000000
__Ltext29                                       text29       000000
__Ltext3                                        text3        000000
__Ltext30                                       text30       000000
__Ltext31                                       text31       000000
__Ltext32                                       text32       000000
__Ltext33                                       text33       000000
__Ltext34                                       text34       000000
__Ltext35                                       text35       000000
__Ltext36                                       text36       000000
__Ltext37                                       text37       000000
__Ltext38                                       text38       000000
__Ltext39                                       text39       000000
__Ltext4                                        text4        000000
__Ltext40                                       text40       000000
__Ltext41                                       text41       000000
__Ltext42                                       text42       000000
__Ltext43                                       text43       000000
__Ltext44                                       text44       000000
__Ltext45                                       text45       000000
__Ltext46                                       text46       000000
__Ltext47                                       text47       000000
__Ltext48                                       text48       000000
__Ltext49                                       text49       000000
__Ltext5                                        text5        000000
__Ltext50                                       text50       000000
__Ltext51                                       text51       000000
__Ltext52                                       text52       000000
__Ltext53                                       text53       000000
__Ltext54                                       text54       000000
__Ltext55                                       text55       000000
__Ltext56                                       text56       000000
__Ltext57                                       text57       000000
__Ltext58                                       text58       000000
__Ltext59                                       text59       000000
__Ltext6                                        text6        000000
__Ltext60                                       text60       000000
__Ltext61                                       text61       000000
__Ltext62                                       text62       000000
__Ltext63                                       text63       000000
__Ltext64                                       text64       000000
__Ltext65                                       text65       000000
__Ltext66                                       text66       000000
__Ltext67                                       text67       000000
__Ltext68                                       text68       000000
__Ltext69                                       text69       000000
__Ltext7                                        text7        000000
__Ltext70                                       text70       000000
__Ltext71                                       text71       000000
__Ltext72                                       text72       000000
__Ltext73                                       text73       000000
__Ltext74                                       text74       000000
__Ltext75                                       text75       000000
__Ltext76                                       text76       000000
__Ltext77                                       text77       000000
__Ltext78                                       text78       000000
__Ltext79                                       text79       000000
__Ltext8                                        text8        000000
__Ltext80                                       text80       000000
__Ltext81                                       text81       000000
__Ltext82                                       text82       000000
__Ltext83                                       text83       000000
__Ltext84                                       text84       000000
__Ltext86                                       text86       000000
__Ltext87                                       text87       000000
__Ltext88                                       text88       000000
__Ltext89                                       text89       000000
__Ltext9                                        text9        000000
__Ltext90                                       text90       000000
__Ltext91                                       text91       000000
__Ltext92                                       text92       000000
__Ltext93                                       text93       000000
__Ltext94                                       text94       000000
__Ltext95                                       text95       000000
__Ltext96                                       text96       000000
__Ltext97                                       text97       000000
__Ltext98                                       text98       000000
__S0                                            (abs)        30000C
__S1                                            (abs)        000564
__S2                                            (abs)        000000
___aodiv                                        text70       00274C
___aodiv@counter                                cstackCOMRAM 000015
___aodiv@dividend                               cstackCOMRAM 000005
___aodiv@divisor                                cstackCOMRAM 00000D
___aodiv@quotient                               cstackCOMRAM 000017
___aodiv@sign                                   cstackCOMRAM 000016
___aomod                                        text69       002A50
___aomod@counter                                cstackCOMRAM 000015
___aomod@dividend                               cstackCOMRAM 000005
___aomod@divisor                                cstackCOMRAM 00000D
___aomod@sign                                   cstackCOMRAM 000016
___inthi_sp                                     stack        000000
___intlo_sp                                     stack        000000
___lodiv                                        text59       00304A
___lodiv@counter                                cstackCOMRAM 00001D
___lodiv@dividend                               cstackCOMRAM 000005
___lodiv@divisor                                cstackCOMRAM 00000D
___lodiv@quotient                               cstackCOMRAM 000015
___lomod                                        text58       0033C4
___lomod@counter                                cstackCOMRAM 000015
___lomod@dividend                               cstackCOMRAM 000005
___lomod@divisor                                cstackCOMRAM 00000D
___param_bank                                   (abs)        000000
___rparam_used                                  (abs)        000001
___sp                                           stack        000000
[...]
      Totals:         0       0       0       0       0       0       0       0       0       0       0       0       0       0       0       0
Total ram usage:        0 bytes
 Hardware stack levels used:    1
 Hardware stack levels required when called:    1
 This function calls:
		_EUSART2_RxDataHandler
 This function is called by:
		_EUSART2_Initialize
		_EUSART2_Receive_ISR
 This function uses a non-reentrant model


 *************** function _EUSART2_RxDataHandler *****************
 Defined at:
		line 251 in file "mcc_generated_files/eusart2.c"
 Parameters:    Size  Location     Type
		None
 Auto vars:     Size  Location     Type
		None
 Return value:  Size  Location     Type
                  1    wreg      void 
 Registers used:
		wreg, fsr2l, fsr2h, status,2, status,0
 Tracked objects:
		On entry : 
		On exit  : 
		Unchanged: 
 Data sizes:     COMRAM   BANK0   BANK1   BANK2   BANK3   BANK4   BANK5   BANK6   BANK7   BANK8   BANK9  BANK10  BANK11  BANK12  BANK13  BANK14
      Params:         0       0       0       0       0       0       0       0       0       0       0       0       0       0       0       0
      Locals:         0       0       0       0       0       0       0       0       0       0       0       0       0       0       0       0
      Temps:          0       0       0       0       0       0       0       0       0       0       0       0       0       0       0       0
      Totals:         0       0       0       0       0       0       0       0       0       0       0       0       0       0       0       0
Total ram usage:        0 bytes
 Hardware stack levels used:    1
 This function calls:
		Nothing
 This function is called by:
		_EUSART2_Receive_ISR
		_EUSART2_DefaultErrorHandler
 This function uses a non-reentrant model


 *************** function _EUSART1_Transmit_ISR *****************
 Defined at:
		line 199 in file "mcc_generated_files/eusart1.c"
 Parameters:    Size  Location     Type
		None
 Auto vars:     Size  Location     Type
		None
 Return value:  Size  Location     Type
                  1    wreg      void 
 Registers used:
		wreg, fsr2l, fsr2h, status,2, status,0
 Tracked objects:
		On entry : 
		On exit  : 
		Unchanged: 
 Data sizes:     COMRAM   BANK0   BANK1   BANK2   BANK3   BANK4   BANK5   BANK6   BANK7   BANK8   BANK9  BANK10  BANK11  BANK12  BANK13  BANK14
      Params:         0       0       0       0       0       0       0       0       0       0       0       0       0       0       0       0
      Locals:         0       0       0       0       0       0       0       0       0       0       0       0       0       0       0       0
      Temps:          0       0       0       0       0       0       0       0       0       0       0       0       0       0       0       0
      Totals:         0       0       0       0       0       0       0       0       0       0       0       0       0       0       0       0
Total ram usage:        0 bytes
 Hardware stack levels used:    1
 This function calls:
		Nothing
 This function is called by:
		_EUSART1_Initialize
		_INTERRUPT_InterruptManager
 This function uses a non-reentrant model


 *************** function _EUSART1_Receive_ISR *****************
 Defined at:
		line 218 in file "mcc_generated_files/eusart1.c"
 Parameters:    Size  Location     Type
		None
 Auto vars:     Size  Location     Type
		None
 Return value:  Size  Location     Type
                  1    wreg      void 
 Registers used:
		wreg, fsr2l, fsr2h, status,2, status,0, pclath, tosl, cstack
 Tracked objects:
		On entry : 
		On exit  : 
		Unchanged: 
 Data sizes:     COMRAM   BANK0   BANK1   BANK2   BANK3   BANK4   BANK5   BANK6   BANK7   BANK8   BANK9  BANK10  BANK11  BANK12  BANK13  BANK14
      Params:         0       0       0       0       0       0       0       0       0       0       0       0       0       0       0       0
      Locals:         0       0       0       0       0       0       0       0       0       0       0       0       0       0       0       0
      Temps:          0       0       0       0       0       0       0       0       0       0       0       0       0       0       0       0
      Totals:         0       0       0       0       0       0       0       0       0       0       0       0       0       0       0       0
Total ram usage:        0 bytes
 Hardware stack levels used:    1
 Hardware stack levels required when called:    2
 This function calls:
		Absolute function
		_EUSART1_DefaultErrorHandler
		_EUSART1_DefaultFramingErrorHandler
		_EUSART1_DefaultOverrunErrorHandler
		_EUSART1_RxDataHandler
 This function is called by:
		_EUSART1_Initialize
		_INTERRUPT_InterruptManager
 This function uses a non-reentrant model


 *************** function _EUSART1_DefaultOverrunErrorHandler *****************
 Defined at:
		line 254 in file "mcc_generated_files/eusart1.c"
 Parameters:    Size  Location     Type
		None
 Auto vars:     Size  Location     Type
		None
 Return value:  Size  Location     Type
                  1    wreg      void 
 Registers used:
		None
 Tracked objects:
		On entry : 
		On exit  : 
		Unchanged: 
 Data sizes:     COMRAM   BANK0   BANK1   BANK2   BANK3   BANK4   BANK5   BANK6   BANK7   BANK8   BANK9  BANK10  BANK11  BANK12  BANK13  BANK14
      Params:         0       0       0       0       0       0       0       0       0       0       0       0       0       0       0       0
      Locals:         0       0       0       0       0       0       0       0       0       0       0       0       0       0       0       0
      Temps:          0       0       0       0       0       0       0       0       0       0       0       0       0       0       0       0
      Totals:         0       0       0       0       0       0       0       0       0       0       0       0       0       0       0       0
Total ram usage:        0 bytes
 Hardware stack levels used:    1
 This function calls:
		Nothing
 This function is called by:
		_EUSART1_Initialize
		_EUSART1_Receive_ISR
 This function uses a non-reentrant model


 *************** function _EUSART1_DefaultFramingErrorHandler *****************
 Defined at:
		line 252 in file "mcc_generated_files/eusart1.c"
 Parameters:    Size  Location     Type
		None
 Auto vars:     Size  Location     Type
		None
 Return value:  Size  Location     Type
                  1    wreg      void 
 Registers used:
		None
 Tracked objects:
		On entry : 
		On exit  : 
		Unchanged: 
 Data sizes:     COMRAM   BANK0   BANK1   BANK2   BANK3   BANK4   BANK5   BANK6   BANK7   BANK8   BANK9  BANK10  BANK11  BANK12  BANK13  BANK14
      Params:         0       0       0       0       0       0       0       0       0       0       0       0       0       0       0       0
      Locals:         0       0       0       0       0       0       0       0       0       0       0       0       0       0       0       0
      Temps:          0       0       0       0       0       0       0       0       0       0       0       0       0       0       0       0
      Totals:         0       0       0       0       0       0       0       0       0       0       0       0       0       0       0       0
Total ram usage:        0 bytes
 Hardware stack levels used:    1
 This function calls:
		Nothing
 This function is called by:
		_EUSART1_Initialize
		_EUSART1_Receive_ISR
 This function uses a non-reentrant model


 *************** function _EUSART1_DefaultErrorHandler *****************
 Defined at:
		line 262 in file "mcc_generated_files/eusart1.c"
 Parameters:    Size  Location     Type
		None
 Auto vars:     Size  Location     Type
		None
 Return value:  Size  Location     Type
                  1    wreg      void 
 Registers used:
		wreg, fsr2l, fsr2h, status,2, status,0, cstack
 Tracked objects:
		On entry : 
		On exit  : 
		Unchanged: 
 Data sizes:     COMRAM   BANK0   BANK1   BANK2   BANK3   BANK4   BANK5   BANK6   BANK7   BANK8   BANK9  BANK10  BANK11  BANK12  BANK13  BANK14
      Params:         0       0       0       0       0       0       0       0       0       0       0       0       0       0       0       0
      Locals:         0       0       0       0       0       0       0       0       0       0       0       0       0       0       0       0
      Temps:          0       0       0       0       0       0       0       0       0       0       0       0       0       0       0       0
      Totals:         0       0       0       0       0       0       0       0       0       0       0       0       0       0       0       0
Total ram usage:        0 bytes
 Hardware stack levels used:    1
 Hardware stack levels required when called:    1
 This function calls:
		_EUSART1_RxDataHandler
 This function is called by:
		_EUSART1_Initialize
		_EUSART1_Receive_ISR
 This function uses a non-reentrant model


 *************** function _EUSART1_RxDataHandler *****************
 Defined at:
		line 242 in file "mcc_generated_files/eusart1.c"
 Parameters:    Size  Location     Type
		None
 Auto vars:     Size  Location     Type
		None
 Return value:  Size  Location     Type
                  1    wreg      void 
 Registers used:
		wreg, fsr2l, fsr2h, status,2, status,0
 Tracked objects:
		On entry : 
		On exit  : 
		Unchanged: 
 Data sizes:     COMRAM   BANK0   BANK1   BANK2   BANK3   BANK4   BANK5   BANK6   BANK7   BANK8   BANK9  BANK10  BANK11  BANK12  BANK13  BANK14
      Params:         0       0       0       0       0       0       0       0       0       0       0       0       0       0       0       0
      Locals:         0       0       0       0       0       0       0       0       0       0       0       0       0       0       0       0
      Temps:          0       0       0       0       0       0       0       0       0       0       0       0       0       0       0       0
      Totals:         0       0       0       0       0       0       0       0       0       0       0       0       0       0       0       0
Total ram usage:        0 bytes
 Hardware stack levels used:    1
 This function calls:
		Nothing
 This function is called by:
		_EUSART1_Receive_ISR
		_EUSART1_DefaultErrorHandler
 This function uses a non-reentrant model



MODULE INFORMATION

Module		Function		Class		Link	Load	Size
C:\Program Files (x86)\Microchip\xc8\v2.10\pic\sources\c99\common\atoi.c
		_atoi          		CODE           	25B2	0000	411

C:\Program Files (x86)\Microchip\xc8\v2.10\pic\sources\c99\common\atoi.c estimated size: 411

C:\Program Files (x86)\Microchip\xc8\v2.10\pic\sources\c99\common\islower.c
		_islower       		CODE           	442A	0000	57

C:\Program Files (x86)\Microchip\xc8\v2.10\pic\sources\c99\common\islower.c estimated size: 57

C:\Program Files (x86)\Microchip\xc8\v2.10\pic\sources\c99\common\lodiv.c
		___lodiv       		CODE           	304A	0000	241

C:\Program Files (x86)\Microchip\xc8\v2.10\pic\sources\c99\common\lodiv.c estimated size: 241

C:\Program Files (x86)\Microchip\xc8\v2.10\pic\sources\c99\common\aodiv.c
		___aodiv       		CODE           	274C	0000	393

C:\Program Files (x86)\Microchip\xc8\v2.10\pic\sources\c99\common\aodiv.c estimated size: 393

mcc_generated_files/eusart2.c
		_putch         		CODE           	473C	0000	11
		_EUSART2_Read  		CODE           	3F68	0000	89
		_EUSART2_SetOverrunErrorHandler		CODE           	46EC	0000	11
		_EUSART2_SetErrorHandler		CODE           	4700	0000	11
		_EUSART2_Write 		CODE           	3E50	0000	95
		_EUSART2_Receive_ISR		CODE           	3494	0000	197
		_EUSART2_RxDataHandler		CODE           	4500	0000	45
		_EUSART2_DefaultOverrunErrorHandler		CODE           	4746	0000	9
		_EUSART2_Transmit_ISR		CODE           	41A0	0000	73
		_EUSART2_DefaultFramingErrorHandler		CODE           	4774	0000	3
		_EUSART2_is_tx_done		CODE           	469A	0000	23
		_EUSART2_SetRxInterruptHandler		CODE           	46E2	0000	11
		_EUSART2_SetTxInterruptHandler		CODE           	46D8	0000	11
		_EUSART2_is_rx_ready		CODE           	460A	0000	25
		_EUSART2_is_tx_ready		CODE           	4652	0000	25
		_EUSART2_Initialize		CODE           	3BDC	0000	127
		_EUSART2_DefaultErrorHandler		CODE           	475A	0000	7
		_EUSART2_SetFramingErrorHandler		CODE           	46F6	0000	11

mcc_generated_files/eusart2.c estimated size: 784

C:\Program Files (x86)\Microchip\xc8\v2.10\pic\sources\c99\common\strcat.c
		_strcat        		CODE           	4580	0000	39

C:\Program Files (x86)\Microchip\xc8\v2.10\pic\sources\c99\common\strcat.c estimated size: 39

C:\Program Files (x86)\Microchip\xc8\v2.10\pic\sources\c99\common\toupper.c
		_toupper       		CODE           	3DF2	0000	95

C:\Program Files (x86)\Microchip\xc8\v2.10\pic\sources\c99\common\toupper.c estimated size: 95

C:\Program Files (x86)\Microchip\xc8\v2.10\pic\sources\c99\common\isalpha.c
		_isalpha       		CODE           	43B6	0000	61

C:\Program Files (x86)\Microchip\xc8\v2.10\pic\sources\c99\common\isalpha.c estimated size: 61

mcc_generated_files/interrupt_manager.c
		_INTERRUPT_Initialize		CODE           	476C	0000	5
		_INTERRUPT_InterruptManager		CODE           	0008	0000	287

mcc_generated_files/interrupt_manager.c estimated size: 292

C:\Program Files (x86)\Microchip\xc8\v2.10\pic\sources\c99\common\isspace.c
		_isspace       		CODE           	4018	0000	83

C:\Program Files (x86)\Microchip\xc8\v2.10\pic\sources\c99\common\isspace.c estimated size: 83

C:\Program Files (x86)\Microchip\xc8\v2.10\pic\sources\c99\common\strlen.c
		_strlen        		CODE           	40BA	0000	81

C:\Program Files (x86)\Microchip\xc8\v2.10\pic\sources\c99\common\strlen.c estimated size: 81

C:\Program Files (x86)\Microchip\xc8\v2.10\pic\sources\c99\common\strcmp.c
		_strcmp        		CODE           	379A	0000	191

C:\Program Files (x86)\Microchip\xc8\v2.10\pic\sources\c99\common\strcmp.c estimated size: 191

C:\Program Files (x86)\Microchip\xc8\v2.10\pic\sources\c99\common\strcpy.c
		_strcpy        		CODE           	3D94	0000	95

C:\Program Files (x86)\Microchip\xc8\v2.10\pic\sources\c99\common\strcpy.c estimated size: 95

mcc_generated_files/pin_manager.c
		_PIN_MANAGER_Initialize		CODE           	3ACE	0000	143

mcc_generated_files/pin_manager.c estimated size: 143

C:\Program Files (x86)\Microchip\xc8\v2.10\pic\sources\c99\common\memmove.c
		_memmove       		CODE           	313A	0000	221

C:\Program Files (x86)\Microchip\xc8\v2.10\pic\sources\c99\common\memmove.c estimated size: 221

C:\Program Files (x86)\Microchip\xc8\v2.10\pic\sources\c99\common\doprnt.c
		_vfpfcnvrt     		CODE           	08F8	0000	1419
		_pad           		CODE           	3558	0000	195
		_dtoa          		CODE           	121A	0000	737
		_vfprintf      		CODE           	3D30	0000	101
		_stoa          		CODE           	2418	0000	411
		_utoa          		CODE           	1CBA	0000	515
		_xtoa          		CODE           	14FA	0000	727

C:\Program Files (x86)\Microchip\xc8\v2.10\pic\sources\c99\common\doprnt.c estimated size: 4105

C:\Program Files (x86)\Microchip\xc8\v2.10\pic\sources\c99\common\nf_fputs.c
		_fputs         		CODE           	422C	0000	69

C:\Program Files (x86)\Microchip\xc8\v2.10\pic\sources\c99\common\nf_fputs.c estimated size: 69

RS232.c
		_ClearEEAddRange		CODE           	3F0C	0000	93
		_ValidateCmd   		CODE           	227C	0000	413
		_SaveCardDat   		CODE           	20AC	0000	465
		_TogDebug      		CODE           	43F2	0000	57
		_InitialiseString		CODE           	0E82	0000	921
		_ReadRX232     		CODE           	2D10	0000	293
		_CardConfigIni 		CODE           	1EBC	0000	497

RS232.c estimated size: 2739

shared
		__initialization		CODE           	2F50	0000	241

shared estimated size: 241

mcc_generated_files/eusart1.c
		_EUSART1_is_tx_done		CODE           	46C4	0000	21
		_EUSART1_SetRxInterruptHandler		CODE           	4714	0000	11
		_EUSART1_SetTxInterruptHandler		CODE           	470A	0000	11
		_EUSART1_is_rx_ready		CODE           	466A	0000	25
		_EUSART1_is_tx_ready		CODE           	4682	0000	25
		_EUSART1_Initialize		CODE           	3B5C	0000	129
		_EUSART1_DefaultErrorHandler		CODE           	4766	0000	7
		_EUSART1_SetFramingErrorHandler		CODE           	4728	0000	11
		_EUSART1_Read  		CODE           	3FC0	0000	89
		_EUSART1_SetOverrunErrorHandler		CODE           	471E	0000	11
		_EUSART1_SetErrorHandler		CODE           	4732	0000	11
		_EUSART1_Write 		CODE           	3EAE	0000	95
		_EUSART1_Receive_ISR		CODE           	36DA	0000	193
		_EUSART1_RxDataHandler		CODE           	452C	0000	45
		_EUSART1_DefaultOverrunErrorHandler		CODE           	4760	0000	7
		_EUSART1_Transmit_ISR		CODE           	4270	0000	69
		_EUSART1_DefaultFramingErrorHandler		CODE           	4776	0000	3

mcc_generated_files/eusart1.c estimated size: 763

mcc_generated_files/mcc.c
		_PMD_Initialize		CODE           	45EE	0000	29
		_OSCILLATOR_Initialize		CODE           	463A	0000	25
		_SYSTEM_Initialize		CODE           	45CC	0000	35

mcc_generated_files/mcc.c estimated size: 89

C:\Program Files (x86)\Microchip\xc8\v2.10\pic\sources\c99\common\isdigit.c
		_isdigit       		CODE           	449A	0000	57

C:\Program Files (x86)\Microchip\xc8\v2.10\pic\sources\c99\common\isdigit.c estimated size: 57

C:\Program Files (x86)\Microchip\xc8\v2.10\pic\sources\c99\common\lomod.c
		___lomod       		CODE           	33C4	0000	209

C:\Program Files (x86)\Microchip\xc8\v2.10\pic\sources\c99\common\lomod.c estimated size: 209

C:\Program Files (x86)\Microchip\xc8\v2.10\pic\sources\c99\common\aomod.c
		___aomod       		CODE           	2A50	0000	357

C:\Program Files (x86)\Microchip\xc8\v2.10\pic\sources\c99\common\aomod.c estimated size: 357

C:\Program Files (x86)\Microchip\xc8\v2.10\pic\sources\c99\common\abs.c
		_abs           		CODE           	4376	0000	65

C:\Program Files (x86)\Microchip\xc8\v2.10\pic\sources\c99\common\abs.c estimated size: 65

Modbus.c
		_checkCRC      		CODE           	2BB4	0000	349
		_ModbusRx      		CODE           	28D4	0000	381
		_PrintModbus   		CODE           	17D0	0000	701
		_ModbusError   		CODE           	361A	0000	193
		_ClearRxBuff   		CODE           	4156	0000	75
		_PrintMB400    		CODE           	3CC8	0000	105
		_AddRxBuffToModBus		CODE           	32F2	0000	211
		_PrintModRespon		CODE           	3858	0000	171
		_generateCRC   		CODE           	3216	0000	221
		_ClearModbusRespon		CODE           	42B4	0000	67
		_RXMode        		CODE           	474E	0000	7
		_UART1_Write_string		CODE           	3C5A	0000	111
		_TXMode        		CODE           	4754	0000	7
		_ClearModbusData		CODE           	410A	0000	77
		_ModbusFC10    		CODE           	1A8C	0000	559
		_ModbusFC03    		CODE           	012A	0000	1999

Modbus.c estimated size: 5234

C:\Program Files (x86)\Microchip\xc8\v2.10\pic\sources\c99\common\Umul16.c
		___wmul        		CODE           	45A6	0000	39

C:\Program Files (x86)\Microchip\xc8\v2.10\pic\sources\c99\common\Umul16.c estimated size: 39

mcc_generated_files/memory.c
		_DATAEE_WriteByte		CODE           	41E8	0000	69
		_DATAEE_ReadByte		CODE           	4622	0000	25

mcc_generated_files/memory.c estimated size: 94

mcc_generated_files/adcc.c
		_ADCC_DisableContinuousConversion		CODE           	4770	0000	5
		_ADCC_GetSingleConversion		CODE           	44D2	0000	47
		_ADCC_Initialize		CODE           	406A	0000	81

mcc_generated_files/adcc.c estimated size: 133

main.c
		_main          		CODE           	2E34	0000	285

main.c estimated size: 285

C:\Program Files (x86)\Microchip\xc8\v2.10\pic\sources\c99\common\isupper.c
		_isupper       		CODE           	4462	0000	57

C:\Program Files (x86)\Microchip\xc8\v2.10\pic\sources\c99\common\isupper.c estimated size: 57

C:\Program Files (x86)\Microchip\xc8\v2.10\pic\sources\c99\common\printf.c
		_printf        		CODE           	4558	0000	41

C:\Program Files (x86)\Microchip\xc8\v2.10\pic\sources\c99\common\printf.c estimated size: 41

C:\Program Files (x86)\Microchip\xc8\v2.10\pic\sources\c99\common\nf_fputc.c
		_fputc         		CODE           	39A4	0000	151

C:\Program Files (x86)\Microchip\xc8\v2.10\pic\sources\c99\common\nf_fputc.c estimated size: 151

