Microchip MPLAB XC8 Compiler V2.10 ()

Linker command line:

-W-3 --edf=C:\Program Files (x86)\Microchip\xc8\v2.10\pic\dat\en_msgs.txt \
  -cs -h+dist/default/production\ModbusShift.production.sym \
  --cmf=dist/default/production\ModbusShift.production.cmf -z -Q18F46K40 \
  -oC:\Users\danie\AppData\Local\Temp\sb4g.2 --defsym=__MPLAB_BUILD=1 \
  -Mdist/default/production/ModbusShift.production.map -E1 -ver=XC8 \
  --acfsm=1493 -ASTACK=0664h-0E87h -pstack=STACK -ACODE=00h-0FFFFh \
  -ACONST=00h-0FFFFh -ASMALLCONST=0F00h-0FFFhx241 \
  -AMEDIUMCONST=0F00h-0FFFFh -ACOMRAM=01h-05Fh -AABS1=00h-0E87h \
  -ABIGRAM=01h-0E87h -ARAM=060h-0FFh,0100h-01FFhx13,0E00h-0E87h \
  -ABANK0=060h-0FFh -ABANK1=0100h-01FFh -ABANK2=0200h-02FFh \
  -ABANK3=0300h-03FFh -ABANK4=0400h-04FFh -ABANK5=0500h-05FFh \
  -ABANK6=0600h-06FFh -ABANK7=0700h-07FFh -ABANK8=0800h-08FFh \
  -ABANK9=0900h-09FFh -ABANK10=0A00h-0AFFh -ABANK11=0B00h-0BFFh \
  -ABANK12=0C00h-0CFFh -ABANK13=0D00h-0DFFh -ABANK14=0E00h-0E87h \
  -ASFR=0E8Dh-0EFFh,0F00h-0F5Fh,0F60h-0FFFh \
  -preset_vec=00h,intcode=08h,intcodelo,powerup,init -pramtop=0F00h \
  -psmallconst=SMALLCONST -pmediumconst=MEDIUMCONST -pconst=CONST \
  -AFARRAM=00h-00h -ACONFIG=0300000h-030000Bh -pconfig=CONFIG \
  -AIDLOC=0200000h-020000Fh -pidloc=IDLOC -AEEDATA=0310000h-03103FFh \
  -peeprom_data=EEDATA \
  -prdata=COMRAM,nvrram=COMRAM,nvbit=COMRAM,rbss=COMRAM,rbit=COMRAM \
  -pfarbss=FARRAM,fardata=FARRAM,nvFARRAM=FARRAM \
  -pintsave_regs=BIGRAM,bigbss=BIGRAM,bigdata=BIGRAM -pbss=RAM \
  -pidata=CODE,irdata=CODE,ibigdata=CODE,ifardata=CODE -prparam=COMRAM \
  C:\Users\danie\AppData\Local\Temp\sb4g.o \
  dist/default/production\ModbusShift.production.o 

Object code version is 3.11

Machine type is 18F46K40

Call graph: (short form)




                Name                               Link     Load   Length Selector   Space Scale
C:\Users\danie\AppData\Local\Temp\sb4g.o
                init                                126      126        4        4       0
                reset_vec                             0        0        4        0       0
                idloc                            200000   200000       10   200000       0
                config                           300000   300000        C   300000       0
dist/default/production\ModbusShift.production.o
                intcode                               8        8      11E        4       0
                temp                                 5B       5B        1        1       1
                mediumconst                        EE5C     EE5C     11A4     772E       0
                text115                            654C     654C       2C     2754       0
                text114                            681A     681A        6     2754       0
                text113                            682C     682C        2     3413       0
                text112                            6814     6814        6     2754       0
                text111                            551E     551E       C0     2754       0
                text110                            6228     6228       44     2754       0
                text109                            6520     6520       2C     2754       0
                text108                            680E     680E        6     2754       0
                text107                            682A     682A        2     3413       0
                text106                            67FA     67FA        8     2754       0
                text105                            52D6     52D6       C4     2754       0
                text104                            6158     6158       48     2754       0
                text102                            62AE     62AE       42     2754       0
                text101                            5E66     5E66       5E     2754       0
                text100                            6734     6734       14     2754       0
                text99                             66F0     66F0       18     2754       0
                text98                             6808     6808        6     2754       0
                text97                             5B46     5B46       6E     2754       0
                text96                             5066     5066       DC     2754       0
                text95                             545C     545C       C2     2754       0
                text94                             6614     6614       26     2754       0
                text93                             648E     648E       38     2754       0
                text92                             5FD0     5FD0       52     2754       0
                text91                             40AA     40AA      202        4       0
                text90                             4446     4446      188        4       0
                text89                             45CE     45CE      164        4       0
                text88                             62F0     62F0       40     2754       0
                text87                             5E08     5E08       5E     2754       0
                text86                             67F0     67F0        A     2754       0
                text85                             58AC     58AC       96     2754       0
                text84                             61E4     61E4       44     2754       0
                text83                             6072     6072       50     2754       0
                text82                             539A     539A       C2     2754       0
                text81                             33C8     33C8      2E0        4       0
                text80                             42AC     42AC      19A        4       0
                text79                             4BEA     4BEA       F0        4       0
                text78                             5142     5142       D0     2754       0
                text77                             3EA8     3EA8      202        4       0
                text76                             63AA     63AA       3C     2754       0
                text75                             6456     6456       38     2754       0
                text74                             641E     641E       38     2754       0
                text73                             5DAA     5DAA       5E     2754       0
                text72                             3980     3980      2D6        4       0
                text71                             1D9E     1D9E      58A        4       0
                text70                             5CE8     5CE8       64     2754       0
                text69                             65A0     65A0       28     2754       0
                text68                             2328     2328      3CE        4       0
                text67                             64C6     64C6       2E     2754       0
                text66                             67E6     67E6        A     2754       0
                text65                             67DC     67DC        A     2754       0
                text64                             55DE     55DE       BC     2754       0
                text63                             67D2     67D2        A     2754       0
                text62                             6756     6756        E     2754       0
                text61                             626C     626C       42     2754       0
                text60                              12A      12A      FB4        4       0
                text59                             2AB4     2AB4      338        4       0
                text58                             580C     580C       A0     2754       0
                text57                             60C2     60C2       4C     2754       0
                text56                             610E     610E       4A     2754       0
                text55                             5F20     5F20       5C     2754       0
                text54                             66D8     66D8       18     2754       0
                text53                             6802     6802        6     2754       0
                text52                             49B8     49B8      12C        4       0
                text51                             4732     4732      146        4       0
                text50                             5212     5212       C4     2754       0
                text49                             5AD2     5AD2       74     2754       0
                text48                             671E     671E       16     2754       0
                text47                             66C0     66C0       18     2754       0
                text46                             2DEC     2DEC      2FA        4       0
                text45                             30E6     30E6      2E2        4       0
                text44                             67C8     67C8        A     2754       0
                text43                             6748     6748        E     2754       0
                text42                             6578     6578       28     2754       0
                text41                             5BB4     5BB4       68     2754       0
                text40                             6330     6330       3E     2754       0
                text39                             6022     6022       50     2754       0
                text38                             67BE     67BE        A     2754       0
                text37                             67B4     67B4        A     2754       0
                text36                             67AA     67AA        A     2754       0
                text35                             67A0     67A0        A     2754       0
                text34                             6796     6796        A     2754       0
                text33                             5A54     5A54       7E     2754       0
                text32                             678C     678C        A     2754       0
                text31                             6782     6782        A     2754       0
                text30                             6778     6778        A     2754       0
                text29                             676E     676E        A     2754       0
                text28                             6764     6764        A     2754       0
                text27                             59D4     59D4       80     2754       0
                text26                             6826     6826        4     3413       0
                text25                             66A8     66A8       18     2754       0
                text24                             5942     5942       92     2754       0
                text23                             665C     665C       1C     2754       0
                text22                             64F4     64F4       2C     2754       0
                text21                             663A     663A       22     2754       0
                text20                             6708     6708       16     2754       0
                text19                             6690     6690       18     2754       0
                text18                             4CDA     4CDA       EA        4       0
                text17                             36A8     36A8      2D8        4       0
                text16                             569A     569A       BA     2754       0
                text15                             4EA8     4EA8       E2     2754       0
                text14                             17D0     17D0      5CE        4       0
                text13                             5C82     5C82       66     2754       0
                text12                             5C1C     5C1C       66     2754       0
                text11                             61A0     61A0       44     2754       0
                text10                             636E     636E       3C     2754       0
                text9                              5EC4     5EC4       5C     2754       0
                text8                              6678     6678       18     2754       0
                text7                              4F8A     4F8A       DC     2754       0
                text6                              5D4C     5D4C       5E     2754       0
                text5                              65EE     65EE       26     2754       0
                text4                              4878     4878      140        4       0
                text3                              26F6     26F6      3BE        4       0
                text2                              63E6     63E6       38     2754       0
                text1                              10DE     10DE      6F2        4       0
                text0                              3C56     3C56      252        4       0
                cstackCOMRAM                          1        1       56        1       1
                cstackBANK0                          60       60       7C       60       1
                cstackBANK1                         100      100       9E      100       1
                cstackBANK2                         2FE      2FE        2      200       1
                bssBANK6                            600      600       64      600       1
                bssBANK5                            500      500       C8      500       1
                dataBANK4                           400      400       54      400       1
                bssBANK4                            454      454       53      400       1
                dataBANK3                           300      300       B8      300       1
                bssBANK3                            3B8      3B8       40      300       1
                dataBANK2                           200      200       E3      200       1
                bssBANK2                            2E3      2E3       1B      200       1
                dataBANK1                           19E      19E       26      100       1
                bssBANK1                            1C4      1C4       25      100       1
                dataBANK0                            F9       F9        5       60       1
                bssBANK0                             DC       DC       1D       60       1
                bssCOMRAM                            57       57        4        1       1
                cinit                              4AE4     4AE4      106        4       0
                nvBANK1                             1E9      1E9       16      100       1
                nvBANK0                              FE       FE        2       60       1
                idataBANK4                         5F7C     5F7C       54     2754       0
                idataBANK3                         5754     5754       B8     2754       0
                idataBANK2                         4DC4     4DC4       E3        4       0
                idataBANK1                         65C8     65C8       26     2754       0
                idataBANK0                         6820     6820        5     2754       0

TOTAL           Name                               Link     Load   Length     Space
        CLASS   STACK          

        CLASS   CODE           
                intcode                               8        8      11E         0
                init                                126      126        4         0
                reset_vec                             0        0        4         0
                text115                            654C     654C       2C         0
                text114                            681A     681A        6         0
                text113                            682C     682C        2         0
                text112                            6814     6814        6         0
                text111                            551E     551E       C0         0
                text110                            6228     6228       44         0
                text109                            6520     6520       2C         0
                text108                            680E     680E        6         0
                text107                            682A     682A        2         0
                text106                            67FA     67FA        8         0
                text105                            52D6     52D6       C4         0
                text104                            6158     6158       48         0
                text102                            62AE     62AE       42         0
                text101                            5E66     5E66       5E         0
                text100                            6734     6734       14         0
                text99                             66F0     66F0       18         0
                text98                             6808     6808        6         0
                text97                             5B46     5B46       6E         0
                text96                             5066     5066       DC         0
                text95                             545C     545C       C2         0
                text94                             6614     6614       26         0
                text93                             648E     648E       38         0
                text92                             5FD0     5FD0       52         0
                text91                             40AA     40AA      202         0
                text90                             4446     4446      188         0
                text89                             45CE     45CE      164         0
                text88                             62F0     62F0       40         0
                text87                             5E08     5E08       5E         0
                text86                             67F0     67F0        A         0
                text85                             58AC     58AC       96         0
                text84                             61E4     61E4       44         0
                text83                             6072     6072       50         0
                text82                             539A     539A       C2         0
                text81                             33C8     33C8      2E0         0
                text80                             42AC     42AC      19A         0
                text79                             4BEA     4BEA       F0         0
                text78                             5142     5142       D0         0
                text77                             3EA8     3EA8      202         0
                text76                             63AA     63AA       3C         0
                text75                             6456     6456       38         0
                text74                             641E     641E       38         0
                text73                             5DAA     5DAA       5E         0
                text72                             3980     3980      2D6         0
                text71                             1D9E     1D9E      58A         0
                text70                             5CE8     5CE8       64         0
                text69                             65A0     65A0       28         0
                text68                             2328     2328      3CE         0
                text67                             64C6     64C6       2E         0
                text66                             67E6     67E6        A         0
                text65                             67DC     67DC        A         0
                text64                             55DE     55DE       BC         0
                text63                             67D2     67D2        A         0
                text62                             6756     6756        E         0
                text61                             626C     626C       42         0
                text60                              12A      12A      FB4         0
                text59                             2AB4     2AB4      338         0
                text58                             580C     580C       A0         0
                text57                             60C2     60C2       4C         0
                text56                             610E     610E       4A         0
                text55                             5F20     5F20       5C         0
                text54                             66D8     66D8       18         0
                text53                             6802     6802        6         0
                text52                             49B8     49B8      12C         0
                text51                             4732     4732      146         0
                text50                             5212     5212       C4         0
                text49                             5AD2     5AD2       74         0
                text48                             671E     671E       16         0
                text47                             66C0     66C0       18         0
                text46                             2DEC     2DEC      2FA         0
                text45                             30E6     30E6      2E2         0
                text44                             67C8     67C8        A         0
                text43                             6748     6748        E         0
                text42                             6578     6578       28         0
                text41                             5BB4     5BB4       68         0
                text40                             6330     6330       3E         0
                text39                             6022     6022       50         0
                text38                             67BE     67BE        A         0
                text37                             67B4     67B4        A         0
                text36                             67AA     67AA        A         0
                text35                             67A0     67A0        A         0
                text34                             6796     6796        A         0
                text33                             5A54     5A54       7E         0
                text32                             678C     678C        A         0
                text31                             6782     6782        A         0
                text30                             6778     6778        A         0
                text29                             676E     676E        A         0
                text28                             6764     6764        A         0
                text27                             59D4     59D4       80         0
                text26                             6826     6826        4         0
                text25                             66A8     66A8       18         0
                text24                             5942     5942       92         0
                text23                             665C     665C       1C         0
                text22                             64F4     64F4       2C         0
                text21                             663A     663A       22         0
                text20                             6708     6708       16         0
                text19                             6690     6690       18         0
                text18                             4CDA     4CDA       EA         0
                text17                             36A8     36A8      2D8         0
                text16                             569A     569A       BA         0
                text15                             4EA8     4EA8       E2         0
                text14                             17D0     17D0      5CE         0
                text13                             5C82     5C82       66         0
                text12                             5C1C     5C1C       66         0
                text11                             61A0     61A0       44         0
                text10                             636E     636E       3C         0
                text9                              5EC4     5EC4       5C         0
                text8                              6678     6678       18         0
                text7                              4F8A     4F8A       DC         0
                text6                              5D4C     5D4C       5E         0
                text5                              65EE     65EE       26         0
                text4                              4878     4878      140         0
                text3                              26F6     26F6      3BE         0
                text2                              63E6     63E6       38         0
                text1                              10DE     10DE      6F2         0
                text0                              3C56     3C56      252         0
                cinit                              4AE4     4AE4      106         0
                idataBANK4                         5F7C     5F7C       54         0
                idataBANK3                         5754     5754       B8         0
                idataBANK2                         4DC4     4DC4       E3         0
                idataBANK1                         65C8     65C8       26         0
                idataBANK0                         6820     6820        5         0

        CLASS   CONST          

        CLASS   SMALLCONST     

        CLASS   MEDIUMCONST    
                mediumconst                        EE5C     EE5C     11A4         0

        CLASS   COMRAM         
                temp                                 5B       5B        1         1
                cstackCOMRAM                          1        1       56         1
                bssCOMRAM                            57       57        4         1

        CLASS   ABS1           

        CLASS   BIGRAM         

        CLASS   RAM            

        CLASS   BANK0          
                cstackBANK0                          60       60       7C         1
                dataBANK0                            F9       F9        5         1
                bssBANK0                             DC       DC       1D         1
                nvBANK0                              FE       FE        2         1

        CLASS   BANK1          
                cstackBANK1                         100      100       9E         1
                dataBANK1                           19E      19E       26         1
                bssBANK1                            1C4      1C4       25         1
                nvBANK1                             1E9      1E9       16         1

        CLASS   BANK2          
                cstackBANK2                         2FE      2FE        2         1
                dataBANK2                           200      200       E3         1
                bssBANK2                            2E3      2E3       1B         1

        CLASS   BANK3          
                dataBANK3                           300      300       B8         1
                bssBANK3                            3B8      3B8       40         1

        CLASS   BANK4          
                dataBANK4                           400      400       54         1
                bssBANK4                            454      454       53         1

        CLASS   BANK5          
                bssBANK5                            500      500       C8         1

        CLASS   BANK6          
                bssBANK6                            600      600       64         1

        CLASS   BANK7          

        CLASS   BANK8          

        CLASS   BANK9          

        CLASS   BANK10         

        CLASS   BANK11         

        CLASS   BANK12         

        CLASS   BANK13         

        CLASS   BANK14         

        CLASS   SFR            

        CLASS   FARRAM         

        CLASS   CONFIG         
                config                           300000   300000        C         0

        CLASS   IDLOC          
                idloc                            200000   200000       10         0

        CLASS   EEDATA         



SEGMENTS        Name                           Load    Length   Top    Selector   Space  Class

                reset_vec                      000000  000004  000004         0       0  CODE    
                cstackCOMRAM                   000001  00005B  00005C         1       1  COMRAM  
                intcode                        000008  004E9F  004EA7         4       0  CODE    
                cstackBANK0                    000060  0000A0  000100        60       1  BANK0   
                cstackBANK1                    000100  0000FF  0001FF       100       1  BANK1   
                dataBANK2                      000200  000100  000300       200       1  BANK2   
                dataBANK3                      000300  0000F8  0003F8       300       1  BANK3   
                dataBANK4                      000400  0000A7  0004A7       400       1  BANK4   
                bssBANK5                       000500  0000C8  0005C8       500       1  BANK5   
                bssBANK6                       000600  000064  000664       600       1  BANK6   
                text15                         004EA8  00197D  006825      2754       0  CODE    
                text26                         006826  000008  00682E      3413       0  CODE    
                mediumconst                    00EE5C  0011A4  010000      772E       0  MEDIUMCO
                idloc                          200000  000010  200010    200000       0  IDLOC   
                config                         300000  00000C  30000C    300000       0  CONFIG  


UNUSED ADDRESS RANGES

        Name                Unused          Largest block    Delta
        BANK1            0001FF-0001FF                1
        BANK10           000A00-000AFF              100
        BANK11           000B00-000BFF              100
        BANK12           000C00-000CFF              100
        BANK13           000D00-000DFF              100
        BANK14           000E00-000E87               88
        BANK3            0003F8-0003FF                8
        BANK4            0004A7-0004FF               59
        BANK5            0005C8-0005FF               38
        BANK6            000664-0006FF               9C
        BANK7            000700-0007FF              100
        BANK8            000800-0008FF              100
        BANK9            000900-0009FF              100
        BIGRAM           00005C-00005F                4
                         0001FF-0001FF                1
                         0003F8-0003FF                8
                         0004A7-0004FF               59
                         0005C8-0005FF               38
                         000664-000E87              824
        CODE             000004-000007                4
                         004EA7-004EA7                1
                         006825-006825                1
                         00682E-00EE5B             862E
        COMRAM           00005C-00005F                4
        CONST            000004-000007                4
                         004EA7-004EA7                1
                         006825-006825                1
                         00682E-00EE5B             862E
        EEDATA           310000-3103FF              400
        MEDIUMCONST      004EA7-004EA7                1
                         006825-006825                1
                         00682E-00EE5B             862E
        RAM              0001FF-0001FF                1
                         0003F8-0003FF                8
                         0004A7-0004FF               59
                         0005C8-0005FF               38
                         000664-000E87              100
        SFR              000E8D-000FFF               73
        SMALLCONST       004EA7-004EA7                1
                         006825-006825                1
                         00682E-00EE5B              100
        STACK            000664-000E87              824

                                  Symbol Table

?_ADCC_GetSingleConversion                      cstackCOMRAM 000005
?_ReadRX232                                     cstackBANK0  00008F
?___aodiv                                       cstackCOMRAM 000005
?___aomod                                       cstackCOMRAM 000005
?___awdiv                                       cstackCOMRAM 000005
?___lodiv                                       cstackCOMRAM 000005
?___lomod                                       cstackCOMRAM 000005
?___wmul                                        cstackCOMRAM 000005
?_abs                                           cstackCOMRAM 000017
?_atoi                                          cstackCOMRAM 00000C
?_dtoa                                          cstackCOMRAM 000022
?_generateCRC                                   cstackCOMRAM 000005
?_isalpha                                       cstackCOMRAM 000005
?_isdigit                                       cstackCOMRAM 000005
?_islower                                       cstackCOMRAM 000005
?_isspace                                       cstackCOMRAM 000005
?_isupper                                       cstackCOMRAM 000005
?_pad                                           cstackCOMRAM 000017
?_printf                                        cstackBANK0  00007D
?_stoa                                          cstackCOMRAM 000010
?_strcmp                                        cstackCOMRAM 000005
?_strlen                                        cstackCOMRAM 000005
?_toupper                                       cstackCOMRAM 00000B
?_utoa                                          cstackCOMRAM 000022
?_vfpfcnvrt                                     cstackCOMRAM 000049
?_vfprintf                                      cstackBANK0  000077
?_xtoa                                          cstackCOMRAM 000022
ADCC_GetSingleConversion@channel                cstackCOMRAM 000009
AddRxBuffToModBus@i                             cstackCOMRAM 000006
CardConfigIni@Name                              cstackCOMRAM 00000B
CardConfigIni@NumBytes                          cstackCOMRAM 000011
CardConfigIni@RetNum                            cstackCOMRAM 00000D
CardConfigIni@dataeeAddrWrk                     cstackCOMRAM 00000F
CardConfigIni@i                                 cstackCOMRAM 000017
CardConfigIni@j                                 cstackCOMRAM 000015
CardConfigIni@readDataEven                      cstackCOMRAM 00001A
CardConfigIni@readDataOdd                       cstackCOMRAM 000019
CheckConfig@Error                               cstackCOMRAM 000005
ClearEEAddRange@NumBytes                        cstackCOMRAM 00000B
ClearEEAddRange@StartAdd                        cstackCOMRAM 000009
ClearEEAddRange@i                               cstackCOMRAM 00000D
ClearModbusData@i                               cstackCOMRAM 000005
ClearModbusRespon@i                             cstackCOMRAM 000005
ClearRxBuff@i                                   cstackCOMRAM 000006
DATAEE_ReadByte@bAdd                            cstackCOMRAM 000005
DATAEE_WriteByte@GIEBitValue                    cstackCOMRAM 000008
DATAEE_WriteByte@bAdd                           cstackCOMRAM 000005
DATAEE_WriteByte@bData                          cstackCOMRAM 000007
EUSART1_Read@readValue                          cstackCOMRAM 000005
EUSART1_SetErrorHandler@interruptHandler        cstackCOMRAM 000005
EUSART1_SetFramingErrorHandler@interruptHandler cstackCOMRAM 000005
EUSART1_SetOverrunErrorHandler@interruptHandler cstackCOMRAM 000005
EUSART1_SetRxInterruptHandler@interruptHandler  cstackCOMRAM 000005
EUSART1_SetTxInterruptHandler@interruptHandler  cstackCOMRAM 000005
EUSART1_Write@txData                            cstackCOMRAM 000005
EUSART2_Read@readValue                          cstackCOMRAM 000005
EUSART2_SetErrorHandler@interruptHandler        cstackCOMRAM 000005
EUSART2_SetFramingErrorHandler@interruptHandler cstackCOMRAM 000005
EUSART2_SetOverrunErrorHandler@interruptHandler cstackCOMRAM 000005
EUSART2_SetRxInterruptHandler@interruptHandler  cstackCOMRAM 000005
EUSART2_SetTxInterruptHandler@interruptHandler  cstackCOMRAM 000005
EUSART2_Write@txData                            cstackCOMRAM 000005
InitialiseString@Date                           cstackBANK0  0000A6
InitialiseString@F10865                         dataBANK2    000274
InitialiseString@F10868                         dataBANK2    000289
InitialiseString@PISOL                          cstackBANK0  0000C7
InitialiseString@PISOW                          cstackBANK0  0000CD
InitialiseString@PartNum                        cstackBANK0  000093
InitialiseString@Partial                        cstackBANK0  0000D0
InitialiseString@RevNum                         cstackBANK0  0000D1
InitialiseString@SIPOL                          cstackBANK0  0000C4
InitialiseString@SIPOW                          cstackBANK0  0000CA
InitialiseString@SerialNum                      cstackBANK0  0000B9
InitialiseString@Time                           cstackBANK0  0000B1
InitialiseString@i                              cstackBANK0  0000D8
InitialiseString@i_1933                         cstackBANK0  0000DA
InitialiseString@j                              cstackBANK0  0000D6
InitialiseString@readDataEven                   cstackBANK0  0000D5
InitialiseString@readDataOdd                    cstackBANK0  0000D4
ModbusError@ErrorCode                           cstackCOMRAM 000014
ModbusFC03@error                                cstackBANK0  000099
ModbusFC03@i                                    cstackBANK0  00009A
ModbusFC04@convertedValue_1712                  cstackBANK0  000099
ModbusFC04@error                                cstackBANK0  00009B
ModbusFC04@i                                    cstackBANK0  00009C
ModbusFC10@TempData                             cstackBANK0  000099
ModbusFC10@error                                cstackBANK0  00009B
ModbusFC10@i                                    cstackBANK0  00009C
ModbusFC10@j                                    cstackBANK0  00009E
PISO_ReadByte@i                                 cstackCOMRAM 000005
PISO_ReadByte@j                                 cstackCOMRAM 000009
PISO_ShiftRead@i                                cstackCOMRAM 00000B
PrintAnIp@convertedValue                        cstackCOMRAM 000055
PrintAnIp@i                                     cstackBANK0  00008F
PrintHolding@i                                  cstackCOMRAM 000055
PrintInput@i                                    cstackCOMRAM 000055
PrintMB400@i                                    cstackBANK0  00008F
PrintModRespon@i                                cstackBANK0  000094
PrintModRespon@j                                cstackBANK0  000092
PrintModbus@i                                   cstackBANK0  000096
PrintModbus@j                                   cstackBANK0  000094
ReadRX232@CommandLength                         cstackBANK0  000091
ReadRX232@F10873                                dataBANK1    0001BC
ReadRX232@NumChars                              cstackBANK0  00008F
ReadRX232@temp                                  cstackBANK0  000093
SIPO_DSWrite@Dat                                cstackCOMRAM 000005
SIPO_ShiftByte@TempRead                         cstackCOMRAM 000008
SIPO_ShiftByte@i                                cstackCOMRAM 000006
SIPO_ShiftByte@j                                cstackCOMRAM 00000A
SIPO_ShiftWrite@i                               cstackCOMRAM 00000C
SaveCardDat@Conf                                cstackBANK0  0000A3
SaveCardDat@MBAddress                           cstackBANK0  000097
SaveCardDat@Name                                cstackBANK0  000095
SaveCardDat@NumBytes                            cstackBANK0  00009B
SaveCardDat@dataeeAddr                          cstackBANK0  000099
SaveCardDat@dataeeAddrWrk                       cstackBANK0  0000A1
SaveCardDat@i                                   cstackBANK0  00009F
SaveCardDat@num                                 cstackBANK0  00009D
UART1_Write_string@data                         cstackCOMRAM 000006
UART1_Write_string@data_len                     cstackCOMRAM 000008
UART1_Write_string@i                            cstackCOMRAM 00000B
ValidateCmd@ConfName                            cstackBANK1  000100
ValidateCmd@ConfName_2025                       cstackBANK1  000114
ValidateCmd@ConfName_2029                       cstackBANK1  000128
ValidateCmd@ConfName_2034                       cstackBANK1  00013C
ValidateCmd@ConfName_2039                       cstackBANK1  000150
ValidateCmd@ConfName_2044                       cstackBANK1  000164
ValidateCmd@ConfName_2049                       cstackBANK1  000178
ValidateCmd@F10893                              dataBANK3    0003A4
ValidateCmd@F10896                              dataBANK3    000390
ValidateCmd@F10899                              dataBANK3    00037C
ValidateCmd@F10902                              dataBANK3    000368
ValidateCmd@F10905                              dataBANK3    000354
ValidateCmd@F10908                              dataBANK3    000340
ValidateCmd@F10911                              dataBANK4    000440
ValidateCmd@MaxChars_2050                       cstackBANK1  00019A
_ADACCH                                         (abs)        000F71
_ADACCL                                         (abs)        000F70
_ADACQ                                          (abs)        000F5C
_ADACT                                          (abs)        000F56
_ADCAP                                          (abs)        000F5D
_ADCC_GetSingleConversion                       text67       0064C6
_ADCC_Initialize                                text39       006022
_ADCLK                                          (abs)        000F57
_ADCNT                                          (abs)        000F67
_ADCON0                                         (abs)        000F60
_ADCON0bits                                     (abs)        000F60
_ADCON1                                         (abs)        000F59
_ADCON1bits                                     (abs)        000F59
_ADCON2                                         (abs)        000F5A
_ADCON2bits                                     (abs)        000F5A
_ADCON3                                         (abs)        000F5B
_ADCON3bits                                     (abs)        000F5B
_ADERRH                                         (abs)        000F6F
_ADERRL                                         (abs)        000F6E
_ADFLTRH                                        (abs)        000F73
_ADFLTRL                                        (abs)        000F72
_ADLTHH                                         (abs)        000F6B
_ADLTHL                                         (abs)        000F6A
_ADPCH                                          (abs)        000F5F
_ADPRE                                          (abs)        000F5E
_ADPREVH                                        (abs)        000F62
_ADPREVL                                        (abs)        000F61
_ADREF                                          (abs)        000F58
_ADRESH                                         (abs)        000F64
_ADRESL                                         (abs)        000F63
_ADRPT                                          (abs)        000F66
_ADSTAT                                         (abs)        000F65
_ADSTATbits                                     (abs)        000F65
_ADSTPTH                                        (abs)        000F69
_ADSTPTL                                        (abs)        000F68
_ADUTHH                                         (abs)        000F6D
_ADUTHL                                         (abs)        000F6C
_ANSELA                                         (abs)        000F11
_ANSELB                                         (abs)        000F19
_ANSELC                                         (abs)        000F21
_ANSELD                                         (abs)        000F26
_ANSELE                                         (abs)        000F2E
_AddRxBuffToModBus                              text58       00580C
_Address                                        dataBANK1    0001C2
_BAUD1CON                                       (abs)        000F9F
_BAUD2CON                                       (abs)        000E9F
_ByteHi                                         bssBANK0     0000E8
_ByteLo                                         dataBANK0    0000F9
_ByteNum                                        bssBANK0     0000EC
_CardConfigIni                                  text17       0036A8
_CheckConfig                                    text16       00569A
_ClearEEAddRange                                text10       00636E
_ClearModbusData                                text57       0060C2
_ClearModbusRespon                              text102      0062AE
_ClearRxBuff                                    text56       00610E
_Command                                        bssBANK1     0001D9
_ConfGood                                       bssBANK1     0001D6
_DATAEE_ReadByte                                text19       006690
_DATAEE_WriteByte                               text11       0061A0
_Debug                                          dataBANK0    0000FD
_EUSART1_DefaultErrorHandler                    text114      00681A
_EUSART1_DefaultFramingErrorHandler             text113      00682C
_EUSART1_DefaultOverrunErrorHandler             text112      006814
_EUSART1_ErrorHandler                           nvBANK1      0001EB
_EUSART1_FramingErrorHandler                    nvBANK1      0001EF
_EUSART1_Initialize                             text33       005A54
_EUSART1_OverrunErrorHandler                    nvBANK1      0001ED
_EUSART1_Read                                   text55       005F20
_EUSART1_Receive_ISR                            text111      00551E
_EUSART1_RxDataHandler                          text115      00654C
_EUSART1_RxDefaultInterruptHandler              nvBANK1      0001F7
_EUSART1_SetErrorHandler                        text38       0067BE
_EUSART1_SetFramingErrorHandler                 text37       0067B4
_EUSART1_SetOverrunErrorHandler                 text36       0067AA
_EUSART1_SetRxInterruptHandler                  text35       0067A0
_EUSART1_SetTxInterruptHandler                  text34       006796
_EUSART1_Transmit_ISR                           text110      006228
_EUSART1_TxDefaultInterruptHandler              nvBANK1      0001F9
_EUSART1_Write                                  text101      005E66
_EUSART1_is_rx_ready                            text54       0066D8
_EUSART1_is_tx_done                             text100      006734
_EUSART1_is_tx_ready                            text99       0066F0
_EUSART2_DefaultErrorHandler                    text108      00680E
_EUSART2_DefaultFramingErrorHandler             text107      00682A
_EUSART2_DefaultOverrunErrorHandler             text106      0067FA
_EUSART2_ErrorHandler                           nvBANK1      0001F1
_EUSART2_FramingErrorHandler                    nvBANK1      0001F5
_EUSART2_Initialize                             text27       0059D4
_EUSART2_OverrunErrorHandler                    nvBANK1      0001F3
_EUSART2_Read                                   text9        005EC4
_EUSART2_Receive_ISR                            text105      0052D6
_EUSART2_RxDataHandler                          text109      006520
_EUSART2_RxDefaultInterruptHandler              nvBANK1      0001FB
_EUSART2_SetErrorHandler                        text32       00678C
_EUSART2_SetFramingErrorHandler                 text31       006782
_EUSART2_SetOverrunErrorHandler                 text30       006778
_EUSART2_SetRxInterruptHandler                  text29       00676E
_EUSART2_SetTxInterruptHandler                  text28       006764
_EUSART2_Transmit_ISR                           text104      006158
_EUSART2_TxDefaultInterruptHandler              nvBANK1      0001FD
_EUSART2_Write                                  text87       005E08
_EUSART2_is_rx_ready                            text8        006678
_EUSART2_is_tx_done                             text48       00671E
_EUSART2_is_tx_ready                            text47       0066C0
_ExpectedBytes                                  dataBANK1    0001C0
_INLVLA                                         (abs)        000F0D
_INLVLB                                         (abs)        000F15
_INLVLC                                         (abs)        000F1D
_INLVLD                                         (abs)        000F22
_INLVLE                                         (abs)        000F2A
_INTCONbits                                     (abs)        000FF2
_INTERRUPT_Initialize                           text26       006826
_INTERRUPT_InterruptManager                     intcode      000008
_InitialiseString                               text14       0017D0
_LATA                                           (abs)        000F83
_LATAbits                                       (abs)        000F83
_LATB                                           (abs)        000F84
_LATBbits                                       (abs)        000F84
_LATC                                           (abs)        000F85
_LATCbits                                       (abs)        000F85
_LATD                                           (abs)        000F86
_LATDbits                                       (abs)        000F86
_LATE                                           (abs)        000F87
_MB300xx                                        dataBANK3    000300
_MB301xx                                        dataBANK2    000264
_MB302xx                                        dataBANK0    0000FB
_MB303xx                                        dataBANK1    0001AA
_MB304xx                                        dataBANK1    00019E
_MB305xx                                        dataBANK1    0001B4
_MB306xx                                        bssBANK0     0000DC
_MB307xx                                        dataBANK2    00027F
_MB400xx                                        dataBANK4    000400
_MBResCRC                                       dataBANK1    0001BE
_MBResCnt                                       bssBANK0     0000EA
_MBRespon                                       dataBANK2    000298
_ModDataCnt                                     bssBANK0     0000EE
_ModbusData                                     dataBANK2    000200
_ModbusError                                    text95       00545C
_ModbusFC03                                     text68       002328
_ModbusFC04                                     text60       00012A
_ModbusFC10                                     text59       002AB4
_ModbusRx                                       text51       004732
_NVMADRH                                        (abs)        000F7F
_NVMADRL                                        (abs)        000F7E
_NVMCON1bits                                    (abs)        000F81
_NVMCON2                                        (abs)        000F82
_NVMDAT                                         (abs)        000F80
_ODCONA                                         (abs)        000F0F
_ODCONB                                         (abs)        000F17
_ODCONC                                         (abs)        000F1F
_ODCOND                                         (abs)        000F24
_ODCONE                                         (abs)        000F2C
_OSCCON1                                        (abs)        000ED8
_OSCCON3                                        (abs)        000EDA
_OSCEN                                          (abs)        000EDC
_OSCFRQ                                         (abs)        000EDE
_OSCILLATOR_Initialize                          text25       0066A8
_OSCTUNE                                        (abs)        000EDD
_PIE3bits                                       (abs)        000EC5
_PIN_MANAGER_Initialize                         text24       005942
_PIR0bits                                       (abs)        000ECA
_PIR3bits                                       (abs)        000ECD
_PIR7bits                                       (abs)        000ED1
_PISO_PL                                        text66       0067E6
_PISO_ReadByte                                  text64       0055DE
_PISO_Reset                                     text62       006756
_PISO_SHCPClock                                 text65       0067DC
_PISO_STCPClock                                 text63       0067D2
_PISO_ShiftRead                                 text61       00626C
_PMD0                                           (abs)        000EE1
_PMD1                                           (abs)        000EE2
_PMD2                                           (abs)        000EE3
_PMD3                                           (abs)        000EE4
_PMD4                                           (abs)        000EE5
_PMD5                                           (abs)        000EE6
_PMD_Initialize                                 text23       00665C
_PORTBbits                                      (abs)        000F8E
_PrintAnIp                                      text15       004EA8
_PrintHolding                                   text13       005C82
_PrintInput                                     text12       005C1C
_PrintMB400                                     text49       005AD2
_PrintModRespon                                 text46       002DEC
_PrintModbus                                    text45       0030E6
_RB0PPS                                         (abs)        000EEF
_RC1REG                                         (abs)        000F99
_RC1STA                                         (abs)        000F9D
_RC1STAbits                                     (abs)        000F9D
_RC2REG                                         (abs)        000E99
_RC2STA                                         (abs)        000E9D
_RC2STAbits                                     (abs)        000E9D
_RC6PPS                                         (abs)        000EFD
_RX1PPS                                         (abs)        000EB5
_RX2PPS                                         (abs)        000E8D
_RXMode                                         text53       006802
_RXStat                                         bssBANK0     0000F0
_ReadRX232                                      text4        004878
_SIPO_DSWrite                                   text42       006578
_SIPO_Reset                                     text43       006748
_SIPO_STCPClock                                 text44       0067C8
_SIPO_ShiftByte                                 text41       005BB4
_SIPO_ShiftWrite                                text40       006330
_SLRCONA                                        (abs)        000F0E
_SLRCONB                                        (abs)        000F16
_SLRCONC                                        (abs)        000F1E
_SLRCOND                                        (abs)        000F23
_SLRCONE                                        (abs)        000F2B
_SP1BRGH                                        (abs)        000F9C
_SP1BRGL                                        (abs)        000F9B
_SP2BRGH                                        (abs)        000E9C
_SP2BRGL                                        (abs)        000E9B
_SYSTEM_Initialize                              text21       00663A
_SaveCardDat                                    text3        0026F6
_T0CON0                                         (abs)        000FD5
_T0CON0bits                                     (abs)        000FD5
_T0CON1                                         (abs)        000FD6
_TABLAT                                         (abs)        000FF5
_TBLPTRH                                        (abs)        000FF7
_TBLPTRL                                        (abs)        000FF6
_TBLPTRU                                        (abs)        000FF8
_TMR0H                                          (abs)        000FD4
_TMR0L                                          (abs)        000FD3
_TMR0_HasOverflowOccured                        text20       006708
_TMR0_Initialize                                text22       0064F4
_TRISA                                          (abs)        000F88
_TRISB                                          (abs)        000F89
_TRISC                                          (abs)        000F8A
_TRISD                                          (abs)        000F8B
_TRISE                                          (abs)        000F8C
_TX1REG                                         (abs)        000F9A
_TX1STA                                         (abs)        000F9E
_TX1STAbits                                     (abs)        000F9E
_TX2REG                                         (abs)        000E9A
_TX2STA                                         (abs)        000E9E
_TX2STAbits                                     (abs)        000E9E
_TXMode                                         text98       006808
_TogDebug                                       text2        0063E6
_UART1_Write_string                             text97       005B46
_ValidateCmd                                    text1        0010DE
_WPUA                                           (abs)        000F10
_WPUB                                           (abs)        000F18
_WPUC                                           (abs)        000F20
_WPUD                                           (abs)        000F25
_WPUE                                           (abs)        000F2D
__CFG_BOREN$SBORDIS                             (abs)        000000
__CFG_BORV$VBOR_2P45                            (abs)        000000
__CFG_CLKOUTEN$OFF                              (abs)        000000
__CFG_CP$OFF                                    (abs)        000000
__CFG_CPD$OFF                                   (abs)        000000
__CFG_CSWEN$ON                                  (abs)        000000
__CFG_DEBUG$OFF                                 (abs)        000000
__CFG_EBTR0$OFF                                 (abs)        000000
__CFG_EBTR1$OFF                                 (abs)        000000
__CFG_EBTR2$OFF                                 (abs)        000000
__CFG_EBTR3$OFF                                 (abs)        000000
__CFG_EBTRB$OFF                                 (abs)        000000
__CFG_FCMEN$ON                                  (abs)        000000
__CFG_FEXTOSC$OFF                               (abs)        000000
__CFG_LPBOREN$OFF                               (abs)        000000
__CFG_LVP$ON                                    (abs)        000000
__CFG_MCLRE$EXTMCLR                             (abs)        000000
__CFG_PPS1WAY$ON                                (abs)        000000
__CFG_PWRTE$OFF                                 (abs)        000000
__CFG_RSTOSC$HFINTOSC_1MHZ                      (abs)        000000
__CFG_SCANE$ON                                  (abs)        000000
__CFG_STVREN$ON                                 (abs)        000000
__CFG_WDTCCS$SC                                 (abs)        000000
__CFG_WDTCPS$WDTCPS_31                          (abs)        000000
__CFG_WDTCWS$WDTCWS_7                           (abs)        000000
__CFG_WDTE$OFF                                  (abs)        000000
__CFG_WRT0$OFF                                  (abs)        000000
__CFG_WRT1$OFF                                  (abs)        000000
__CFG_WRT2$OFF                                  (abs)        000000
__CFG_WRT3$OFF                                  (abs)        000000
__CFG_WRTB$OFF                                  (abs)        000000
__CFG_WRTC$OFF                                  (abs)        000000
__CFG_WRTD$OFF                                  (abs)        000000
__CFG_XINST$OFF                                 (abs)        000000
__CFG_ZCD$OFF                                   (abs)        000000
__HRAM                                          (abs)        000000
__Habs1                                         abs1         000000
__Hbank0                                        bank0        000000
__Hbank1                                        bank1        000000
__Hbank10                                       bank10       000000
__Hbank11                                       bank11       000000
__Hbank12                                       bank12       000000
__Hbank13                                       bank13       000000
__Hbank14                                       bank14       000000
__Hbank2                                        bank2        000000
__Hbank3                                        bank3        000000
__Hbank4                                        bank4        000000
__Hbank5                                        bank5        000000
__Hbank6                                        bank6        000000
__Hbank7                                        bank7        000000
__Hbank8                                        bank8        000000
__Hbank9                                        bank9        000000
__Hbigbss                                       bigbss       000000
__Hbigdata                                      bigdata      000000
__Hbigram                                       bigram       000000
__Hbss                                          bss          000000
__HbssBANK0                                     bssBANK0     000000
__HbssBANK1                                     bssBANK1     000000
__HbssBANK2                                     bssBANK2     000000
__HbssBANK3                                     bssBANK3     000000
__HbssBANK4                                     bssBANK4     000000
__HbssBANK5                                     bssBANK5     000000
__HbssBANK6                                     bssBANK6     000000
__HbssCOMRAM                                    bssCOMRAM    000000
__Hcinit                                        cinit        000000
__Hclrtext                                      clrtext      000000
__Hcomram                                       comram       000000
__Hconfig                                       config       30000C
__Hconst                                        const        000000
__HcstackBANK0                                  cstackBANK0  000000
__HcstackBANK1                                  cstackBANK1  000000
__HcstackBANK2                                  cstackBANK2  000000
__HcstackCOMRAM                                 cstackCOMRAM 000000
__Hdata                                         data         000000
__HdataBANK0                                    dataBANK0    000000
__HdataBANK1                                    dataBANK1    000000
__HdataBANK2                                    dataBANK2    000000
__HdataBANK3                                    dataBANK3    000000
__HdataBANK4                                    dataBANK4    000000
__Heeprom_data                                  eeprom_data  000000
__Hfarbss                                       farbss       000000
__Hfardata                                      fardata      000000
__Hibigdata                                     ibigdata     000000
__Hidata                                        idata        000000
__HidataBANK0                                   idataBANK0   000000
__HidataBANK1                                   idataBANK1   000000
__HidataBANK2                                   idataBANK2   000000
__HidataBANK3                                   idataBANK3   000000
__HidataBANK4                                   idataBANK4   000000
__Hidloc                                        idloc        200010
__Hifardata                                     ifardata     000000
__Hinit                                         init         00012A
__Hintcode                                      intcode      000126
__Hintcode_body                                 intcode_body 000000
__Hintcodelo                                    intcodelo    000126
__Hintentry                                     intentry     000000
__Hintret                                       intret       000000
__Hintsave_regs                                 intsave_regs 000000
__Hirdata                                       irdata       000000
__Hmediumconst                                  mediumconst  010000
__HnvBANK0                                      nvBANK0      000000
__HnvBANK1                                      nvBANK1      000000
__HnvFARRAM                                     nvFARRAM     000000
__Hnvbit                                        nvbit        000000
__Hnvrram                                       nvrram       000000
__Hparam                                        rparam       000000
__Hpowerup                                      powerup      000126
__Hram                                          ram          000000
__Hramtop                                       ramtop       000F00
__Hrbit                                         rbit         000000
__Hrbss                                         rbss         000000
__Hrdata                                        rdata        000000
__Hreset_vec                                    reset_vec    000004
__Hrparam                                       rparam       000000
__Hsfr                                          sfr          000000
__Hsmallconst                                   smallconst   000000
__Hspace_0                                      (abs)        30000C
__Hspace_1                                      (abs)        000664
__Hspace_2                                      (abs)        000000
__Hstack                                        stack        000000
__Hstruct                                       struct       000000
__Htemp                                         temp         00005C
__Htext                                         text         000000
__Htext0                                        text0        000000
__Htext1                                        text1        000000
__Htext10                                       text10       000000
__Htext100                                      text100      000000
__Htext101                                      text101      000000
__Htext102                                      text102      000000
__Htext104                                      text104      000000
__Htext105                                      text105      000000
__Htext106                                      text106      000000
__Htext107                                      text107      000000
__Htext108                                      text108      000000
__Htext109                                      text109      000000
__Htext11                                       text11       000000
__Htext110                                      text110      000000
__Htext111                                      text111      000000
__Htext112                                      text112      000000
__Htext113                                      text113      000000
__Htext114                                      text114      000000
__Htext115                                      text115      000000
__Htext116                                      text116      000000
__Htext12                                       text12       000000
__Htext13                                       text13       000000
__Htext14                                       text14       000000
__Htext15                                       text15       000000
__Htext16                                       text16       000000
__Htext17                                       text17       000000
__Htext18                                       text18       000000
__Htext19                                       text19       000000
__Htext2                                        text2        000000
__Htext20                                       text20       000000
__Htext21                                       text21       000000
__Htext22                                       text22       000000
__Htext23                                       text23       000000
__Htext24                                       text24       000000
__Htext25                                       text25       000000
__Htext26                                       text26       000000
__Htext27                                       text27       000000
__Htext28                                       text28       000000
__Htext29                                       text29       000000
__Htext3                                        text3        000000
__Htext30                                       text30       000000
__Htext31                                       text31       000000
__Htext32                                       text32       000000
__Htext33                                       text33       000000
__Htext34                                       text34       000000
__Htext35                                       text35       000000
__Htext36                                       text36       000000
__Htext37                                       text37       000000
__Htext38                                       text38       000000
__Htext39                                       text39       000000
__Htext4                                        text4        000000
__Htext40                                       text40       000000
__Htext41                                       text41       000000
__Htext42                                       text42       000000
__Htext43                                       text43       000000
__Htext44                                       text44       000000
__Htext45                                       text45       000000
__Htext46                                       text46       000000
__Htext47                                       text47       000000
__Htext48                                       text48       000000
__Htext49                                       text49       000000
__Htext5                                        text5        000000
__Htext50                                       text50       000000
__Htext51                                       text51       000000
__Htext52                                       text52       000000
__Htext53                                       text53       000000
__Htext54                                       text54       000000
__Htext55                                       text55       000000
__Htext56                                       text56       000000
__Htext57                                       text57       000000
__Htext58                                       text58       000000
__Htext59                                       text59       000000
__Htext6                                        text6        000000
__Htext60                                       text60       000000
__Htext61                                       text61       000000
__Htext62                                       text62       000000
__Htext63                                       text63       000000
__Htext64                                       text64       000000
__Htext65                                       text65       000000
__Htext66                                       text66       000000
__Htext67                                       text67       000000
__Htext68                                       text68       000000
__Htext69                                       text69       000000
__Htext7                                        text7        000000
__Htext70                                       text70       000000
__Htext71                                       text71       000000
__Htext72                                       text72       000000
__Htext73                                       text73       000000
__Htext74                                       text74       000000
__Htext75                                       text75       000000
__Htext76                                       text76       000000
__Htext77                                       text77       000000
__Htext78                                       text78       000000
__Htext79                                       text79       000000
__Htext8                                        text8        000000
__Htext80                                       text80       000000
__Htext81                                       text81       000000
__Htext82                                       text82       000000
__Htext83                                       text83       000000
__Htext84                                       text84       000000
__Htext85                                       text85       000000
__Htext86                                       text86       000000
__Htext87                                       text87       000000
__Htext88                                       text88       000000
__Htext89                                       text89       000000
__Htext9                                        text9        000000
__Htext90                                       text90       000000
__Htext91                                       text91       000000
__Htext92                                       text92       000000
__Htext93                                       text93       000000
__Htext94                                       text94       000000
__Htext95                                       text95       000000
__Htext96                                       text96       000000
__Htext97                                       text97       000000
__Htext98                                       text98       000000
__Htext99                                       text99       000000
__LRAM                                          (abs)        000001
__Labs1                                         abs1         000000
__Lbank0                                        bank0        000000
__Lbank1                                        bank1        000000
__Lbank10                                       bank10       000000
__Lbank11                                       bank11       000000
__Lbank12                                       bank12       000000
__Lbank13                                       bank13       000000
__Lbank14                                       bank14       000000
__Lbank2                                        bank2        000000
__Lbank3                                        bank3        000000
__Lbank4                                        bank4        000000
__Lbank5                                        bank5        000000
__Lbank6                                        bank6        000000
__Lbank7                                        bank7        000000
__Lbank8                                        bank8        000000
__Lbank9                                        bank9        000000
__Lbigbss                                       bigbss       000000
__Lbigdata                                      bigdata      000000
__Lbigram                                       bigram       000000
__Lbss                                          bss          000000
__LbssBANK0                                     bssBANK0     000000
__LbssBANK1                                     bssBANK1     000000
__LbssBANK2                                     bssBANK2     000000
__LbssBANK3                                     bssBANK3     000000
__LbssBANK4                                     bssBANK4     000000
__LbssBANK5                                     bssBANK5     000000
__LbssBANK6                                     bssBANK6     000000
__LbssCOMRAM                                    bssCOMRAM    000000
__Lcinit                                        cinit        000000
__Lclrtext                                      clrtext      000000
__Lcomram                                       comram       000000
__Lconfig                                       config       300000
__Lconst                                        const        000000
__LcstackBANK0                                  cstackBANK0  000000
__LcstackBANK1                                  cstackBANK1  000000
__LcstackBANK2                                  cstackBANK2  000000
__LcstackCOMRAM                                 cstackCOMRAM 000000
__Ldata                                         data         000000
__LdataBANK0                                    dataBANK0    000000
__LdataBANK1                                    dataBANK1    000000
__LdataBANK2                                    dataBANK2    000000
__LdataBANK3                                    dataBANK3    000000
__LdataBANK4                                    dataBANK4    000000
__Leeprom_data                                  eeprom_data  000000
__Lfarbss                                       farbss       000000
__Lfardata                                      fardata      000000
__Libigdata                                     ibigdata     000000
__Lidata                                        idata        000000
__LidataBANK0                                   idataBANK0   000000
__LidataBANK1                                   idataBANK1   000000
__LidataBANK2                                   idataBANK2   000000
__LidataBANK3                                   idataBANK3   000000
__LidataBANK4                                   idataBANK4   000000
__Lidloc                                        idloc        200000
__Lifardata                                     ifardata     000000
__Linit                                         init         000126
__Lintcode                                      intcode      000008
__Lintcode_body                                 intcode_body 000000
__Lintcodelo                                    intcodelo    000126
__Lintentry                                     intentry     000000
__Lintret                                       intret       000000
__Lintsave_regs                                 intsave_regs 000000
__Lirdata                                       irdata       000000
__Lmediumconst                                  mediumconst  00EE5C
__LnvBANK0                                      nvBANK0      000000
__LnvBANK1                                      nvBANK1      000000
__LnvFARRAM                                     nvFARRAM     000000
__Lnvbit                                        nvbit        000000
__Lnvrram                                       nvrram       000000
__Lparam                                        rparam       000000
__Lpowerup                                      powerup      000126
__Lram                                          ram          000000
__Lramtop                                       ramtop       000F00
__Lrbit                                         rbit         000000
__Lrbss                                         rbss         000000
[...]
      Locals:         0       0       0       0       0       0       0       0       0       0       0       0       0       0       0       0
      Temps:          0       0       0       0       0       0       0       0       0       0       0       0       0       0       0       0
      Totals:         0       0       0       0       0       0       0       0       0       0       0       0       0       0       0       0
Total ram usage:        0 bytes
 Hardware stack levels used:    1
 This function calls:
		Nothing
 This function is called by:
		_EUSART2_Receive_ISR
		_EUSART2_DefaultErrorHandler
 This function uses a non-reentrant model


 *************** function _EUSART1_Transmit_ISR *****************
 Defined at:
		line 201 in file "mcc_generated_files/eusart1.c"
 Parameters:    Size  Location     Type
		None
 Auto vars:     Size  Location     Type
		None
 Return value:  Size  Location     Type
                  1    wreg      void 
 Registers used:
		wreg, fsr2l, fsr2h, status,2, status,0
 Tracked objects:
		On entry : 
		On exit  : 
		Unchanged: 
 Data sizes:     COMRAM   BANK0   BANK1   BANK2   BANK3   BANK4   BANK5   BANK6   BANK7   BANK8   BANK9  BANK10  BANK11  BANK12  BANK13  BANK14
      Params:         0       0       0       0       0       0       0       0       0       0       0       0       0       0       0       0
      Locals:         0       0       0       0       0       0       0       0       0       0       0       0       0       0       0       0
      Temps:          0       0       0       0       0       0       0       0       0       0       0       0       0       0       0       0
      Totals:         0       0       0       0       0       0       0       0       0       0       0       0       0       0       0       0
Total ram usage:        0 bytes
 Hardware stack levels used:    1
 This function calls:
		Nothing
 This function is called by:
		_EUSART1_Initialize
		_INTERRUPT_InterruptManager
 This function uses a non-reentrant model


 *************** function _EUSART1_Receive_ISR *****************
 Defined at:
		line 220 in file "mcc_generated_files/eusart1.c"
 Parameters:    Size  Location     Type
		None
 Auto vars:     Size  Location     Type
		None
 Return value:  Size  Location     Type
                  1    wreg      void 
 Registers used:
		wreg, fsr2l, fsr2h, status,2, status,0, pclath, tosl, cstack
 Tracked objects:
		On entry : 
		On exit  : 
		Unchanged: 
 Data sizes:     COMRAM   BANK0   BANK1   BANK2   BANK3   BANK4   BANK5   BANK6   BANK7   BANK8   BANK9  BANK10  BANK11  BANK12  BANK13  BANK14
      Params:         0       0       0       0       0       0       0       0       0       0       0       0       0       0       0       0
      Locals:         0       0       0       0       0       0       0       0       0       0       0       0       0       0       0       0
      Temps:          0       0       0       0       0       0       0       0       0       0       0       0       0       0       0       0
      Totals:         0       0       0       0       0       0       0       0       0       0       0       0       0       0       0       0
Total ram usage:        0 bytes
 Hardware stack levels used:    1
 Hardware stack levels required when called:    2
 This function calls:
		Absolute function
		_EUSART1_DefaultErrorHandler
		_EUSART1_DefaultFramingErrorHandler
		_EUSART1_DefaultOverrunErrorHandler
		_EUSART1_RxDataHandler
 This function is called by:
		_EUSART1_Initialize
		_INTERRUPT_InterruptManager
 This function uses a non-reentrant model


 *************** function _EUSART1_DefaultOverrunErrorHandler *****************
 Defined at:
		line 256 in file "mcc_generated_files/eusart1.c"
 Parameters:    Size  Location     Type
		None
 Auto vars:     Size  Location     Type
		None
 Return value:  Size  Location     Type
                  1    wreg      void 
 Registers used:
		None
 Tracked objects:
		On entry : 
		On exit  : 
		Unchanged: 
 Data sizes:     COMRAM   BANK0   BANK1   BANK2   BANK3   BANK4   BANK5   BANK6   BANK7   BANK8   BANK9  BANK10  BANK11  BANK12  BANK13  BANK14
      Params:         0       0       0       0       0       0       0       0       0       0       0       0       0       0       0       0
      Locals:         0       0       0       0       0       0       0       0       0       0       0       0       0       0       0       0
      Temps:          0       0       0       0       0       0       0       0       0       0       0       0       0       0       0       0
      Totals:         0       0       0       0       0       0       0       0       0       0       0       0       0       0       0       0
Total ram usage:        0 bytes
 Hardware stack levels used:    1
 This function calls:
		Nothing
 This function is called by:
		_EUSART1_Initialize
		_EUSART1_Receive_ISR
 This function uses a non-reentrant model


 *************** function _EUSART1_DefaultFramingErrorHandler *****************
 Defined at:
		line 254 in file "mcc_generated_files/eusart1.c"
 Parameters:    Size  Location     Type
		None
 Auto vars:     Size  Location     Type
		None
 Return value:  Size  Location     Type
                  1    wreg      void 
 Registers used:
		None
 Tracked objects:
		On entry : 
		On exit  : 
		Unchanged: 
 Data sizes:     COMRAM   BANK0   BANK1   BANK2   BANK3   BANK4   BANK5   BANK6   BANK7   BANK8   BANK9  BANK10  BANK11  BANK12  BANK13  BANK14
      Params:         0       0       0       0       0       0       0       0       0       0       0       0       0       0       0       0
      Locals:         0       0       0       0       0       0       0       0       0       0       0       0       0       0       0       0
      Temps:          0       0       0       0       0       0       0       0       0       0       0       0       0       0       0       0
      Totals:         0       0       0       0       0       0       0       0       0       0       0       0       0       0       0       0
Total ram usage:        0 bytes
 Hardware stack levels used:    1
 This function calls:
		Nothing
 This function is called by:
		_EUSART1_Initialize
		_EUSART1_Receive_ISR
 This function uses a non-reentrant model


 *************** function _EUSART1_DefaultErrorHandler *****************
 Defined at:
		line 264 in file "mcc_generated_files/eusart1.c"
 Parameters:    Size  Location     Type
		None
 Auto vars:     Size  Location     Type
		None
 Return value:  Size  Location     Type
                  1    wreg      void 
 Registers used:
		wreg, fsr2l, fsr2h, status,2, status,0, cstack
 Tracked objects:
		On entry : 
		On exit  : 
		Unchanged: 
 Data sizes:     COMRAM   BANK0   BANK1   BANK2   BANK3   BANK4   BANK5   BANK6   BANK7   BANK8   BANK9  BANK10  BANK11  BANK12  BANK13  BANK14
      Params:         0       0       0       0       0       0       0       0       0       0       0       0       0       0       0       0
      Locals:         0       0       0       0       0       0       0       0       0       0       0       0       0       0       0       0
      Temps:          0       0       0       0       0       0       0       0       0       0       0       0       0       0       0       0
      Totals:         0       0       0       0       0       0       0       0       0       0       0       0       0       0       0       0
Total ram usage:        0 bytes
 Hardware stack levels used:    1
 Hardware stack levels required when called:    1
 This function calls:
		_EUSART1_RxDataHandler
 This function is called by:
		_EUSART1_Initialize
		_EUSART1_Receive_ISR
 This function uses a non-reentrant model


 *************** function _EUSART1_RxDataHandler *****************
 Defined at:
		line 244 in file "mcc_generated_files/eusart1.c"
 Parameters:    Size  Location     Type
		None
 Auto vars:     Size  Location     Type
		None
 Return value:  Size  Location     Type
                  1    wreg      void 
 Registers used:
		wreg, fsr2l, fsr2h, status,2, status,0
 Tracked objects:
		On entry : 
		On exit  : 
		Unchanged: 
 Data sizes:     COMRAM   BANK0   BANK1   BANK2   BANK3   BANK4   BANK5   BANK6   BANK7   BANK8   BANK9  BANK10  BANK11  BANK12  BANK13  BANK14
      Params:         0       0       0       0       0       0       0       0       0       0       0       0       0       0       0       0
      Locals:         0       0       0       0       0       0       0       0       0       0       0       0       0       0       0       0
      Temps:          0       0       0       0       0       0       0       0       0       0       0       0       0       0       0       0
      Totals:         0       0       0       0       0       0       0       0       0       0       0       0       0       0       0       0
Total ram usage:        0 bytes
 Hardware stack levels used:    1
 This function calls:
		Nothing
 This function is called by:
		_EUSART1_Receive_ISR
		_EUSART1_DefaultErrorHandler
 This function uses a non-reentrant model



MODULE INFORMATION

Module		Function		Class		Link	Load	Size
C:\Program Files (x86)\Microchip\xc8\v2.10\pic\sources\c99\common\atoi.c
		_atoi          		CODE           	40AA	0000	515

C:\Program Files (x86)\Microchip\xc8\v2.10\pic\sources\c99\common\atoi.c estimated size: 515

C:\Program Files (x86)\Microchip\xc8\v2.10\pic\sources\c99\common\islower.c
		_islower       		CODE           	641E	0000	57

C:\Program Files (x86)\Microchip\xc8\v2.10\pic\sources\c99\common\islower.c estimated size: 57

C:\Program Files (x86)\Microchip\xc8\v2.10\pic\sources\c99\common\lodiv.c
		___lodiv       		CODE           	4BEA	0000	241

C:\Program Files (x86)\Microchip\xc8\v2.10\pic\sources\c99\common\lodiv.c estimated size: 241

C:\Program Files (x86)\Microchip\xc8\v2.10\pic\sources\c99\common\aodiv.c
		___aodiv       		CODE           	4446	0000	393

C:\Program Files (x86)\Microchip\xc8\v2.10\pic\sources\c99\common\aodiv.c estimated size: 393

mcc_generated_files/eusart2.c
		_putch         		CODE           	67F0	0000	11
		_EUSART2_Read  		CODE           	5EC4	0000	93
		_EUSART2_SetOverrunErrorHandler		CODE           	6778	0000	11
		_EUSART2_SetErrorHandler		CODE           	678C	0000	11
		_EUSART2_Write 		CODE           	5E08	0000	95
		_EUSART2_Receive_ISR		CODE           	52D6	0000	197
		_EUSART2_RxDataHandler		CODE           	6520	0000	45
		_EUSART2_DefaultOverrunErrorHandler		CODE           	67FA	0000	9
		_EUSART2_Transmit_ISR		CODE           	6158	0000	73
		_EUSART2_DefaultFramingErrorHandler		CODE           	682A	0000	3
		_EUSART2_is_tx_done		CODE           	671E	0000	23
		_EUSART2_SetRxInterruptHandler		CODE           	676E	0000	11
		_EUSART2_SetTxInterruptHandler		CODE           	6764	0000	11
		_EUSART2_is_rx_ready		CODE           	6678	0000	25
		_EUSART2_is_tx_ready		CODE           	66C0	0000	25
		_EUSART2_Initialize		CODE           	59D4	0000	129
		_EUSART2_DefaultErrorHandler		CODE           	680E	0000	7
		_EUSART2_SetFramingErrorHandler		CODE           	6782	0000	11

mcc_generated_files/eusart2.c estimated size: 790

C:\Program Files (x86)\Microchip\xc8\v2.10\pic\sources\c99\common\strcat.c
		_strcat        		CODE           	65EE	0000	39

C:\Program Files (x86)\Microchip\xc8\v2.10\pic\sources\c99\common\strcat.c estimated size: 39

shift.c
		_PISO_PL       		CODE           	67E6	0000	11
		_PISO_ReadByte 		CODE           	55DE	0000	189
		_SIPO_ShiftByte		CODE           	5BB4	0000	105
		_PISO_SHCPClock		CODE           	67DC	0000	11
		_PISO_ShiftRead		CODE           	626C	0000	67
		_SIPO_DSWrite  		CODE           	6578	0000	41
		_SIPO_STCPClock		CODE           	67C8	0000	11
		_SIPO_ShiftWrite		CODE           	6330	0000	63
		_SIPO_Reset    		CODE           	6748	0000	15
		_PISO_STCPClock		CODE           	67D2	0000	11
		_PISO_Reset    		CODE           	6756	0000	15

shift.c estimated size: 539

C:\Program Files (x86)\Microchip\xc8\v2.10\pic\sources\c99\common\toupper.c
		_toupper       		CODE           	5DAA	0000	95

C:\Program Files (x86)\Microchip\xc8\v2.10\pic\sources\c99\common\toupper.c estimated size: 95

C:\Program Files (x86)\Microchip\xc8\v2.10\pic\sources\c99\common\isalpha.c
		_isalpha       		CODE           	63AA	0000	61

C:\Program Files (x86)\Microchip\xc8\v2.10\pic\sources\c99\common\isalpha.c estimated size: 61

mcc_generated_files/interrupt_manager.c
		_INTERRUPT_Initialize		CODE           	6826	0000	5
		_INTERRUPT_InterruptManager		CODE           	0008	0000	287

mcc_generated_files/interrupt_manager.c estimated size: 292

C:\Program Files (x86)\Microchip\xc8\v2.10\pic\sources\c99\common\awdiv.c
		___awdiv       		CODE           	5212	0000	197

C:\Program Files (x86)\Microchip\xc8\v2.10\pic\sources\c99\common\awdiv.c estimated size: 197

C:\Program Files (x86)\Microchip\xc8\v2.10\pic\sources\c99\common\isspace.c
		_isspace       		CODE           	5FD0	0000	83

C:\Program Files (x86)\Microchip\xc8\v2.10\pic\sources\c99\common\isspace.c estimated size: 83

C:\Program Files (x86)\Microchip\xc8\v2.10\pic\sources\c99\common\strlen.c
		_strlen        		CODE           	6072	0000	81

C:\Program Files (x86)\Microchip\xc8\v2.10\pic\sources\c99\common\strlen.c estimated size: 81

mcc_generated_files/tmr0.c
		_TMR0_HasOverflowOccured		CODE           	6708	0000	23
		_TMR0_Initialize		CODE           	64F4	0000	45

mcc_generated_files/tmr0.c estimated size: 68

C:\Program Files (x86)\Microchip\xc8\v2.10\pic\sources\c99\common\strcmp.c
		_strcmp        		CODE           	4CDA	0000	235

C:\Program Files (x86)\Microchip\xc8\v2.10\pic\sources\c99\common\strcmp.c estimated size: 235

C:\Program Files (x86)\Microchip\xc8\v2.10\pic\sources\c99\common\strcpy.c
		_strcpy        		CODE           	5D4C	0000	95

C:\Program Files (x86)\Microchip\xc8\v2.10\pic\sources\c99\common\strcpy.c estimated size: 95

mcc_generated_files/pin_manager.c
		_PIN_MANAGER_Initialize		CODE           	5942	0000	147

mcc_generated_files/pin_manager.c estimated size: 147

C:\Program Files (x86)\Microchip\xc8\v2.10\pic\sources\c99\common\memmove.c
		_memmove       		CODE           	4F8A	0000	221

C:\Program Files (x86)\Microchip\xc8\v2.10\pic\sources\c99\common\memmove.c estimated size: 221

C:\Program Files (x86)\Microchip\xc8\v2.10\pic\sources\c99\common\doprnt.c
		_vfpfcnvrt     		CODE           	1D9E	0000	1419
		_pad           		CODE           	539A	0000	195
		_dtoa          		CODE           	33C8	0000	737
		_vfprintf      		CODE           	5CE8	0000	101
		_stoa          		CODE           	42AC	0000	411
		_utoa          		CODE           	3EA8	0000	515
		_xtoa          		CODE           	3980	0000	727

C:\Program Files (x86)\Microchip\xc8\v2.10\pic\sources\c99\common\doprnt.c estimated size: 4105

C:\Program Files (x86)\Microchip\xc8\v2.10\pic\sources\c99\common\nf_fputs.c
		_fputs         		CODE           	61E4	0000	69

C:\Program Files (x86)\Microchip\xc8\v2.10\pic\sources\c99\common\nf_fputs.c estimated size: 69

RS232.c
		_ClearEEAddRange		CODE           	636E	0000	61
		_ValidateCmd   		CODE           	10DE	0000	1779
		_SaveCardDat   		CODE           	26F6	0000	959
		_TogDebug      		CODE           	63E6	0000	57
		_PrintAnIp     		CODE           	4EA8	0000	227
		_InitialiseString		CODE           	17D0	0000	1487
		_ReadRX232     		CODE           	4878	0000	321
		_CardConfigIni 		CODE           	36A8	0000	729

RS232.c estimated size: 5620

shared
		__initialization		CODE           	4AE4	0000	253

shared estimated size: 253

mcc_generated_files/eusart1.c
		_EUSART1_is_tx_done		CODE           	6734	0000	21
		_EUSART1_SetRxInterruptHandler		CODE           	67A0	0000	11
		_EUSART1_SetTxInterruptHandler		CODE           	6796	0000	11
		_EUSART1_is_rx_ready		CODE           	66D8	0000	25
		_EUSART1_is_tx_ready		CODE           	66F0	0000	25
		_EUSART1_Initialize		CODE           	5A54	0000	127
		_EUSART1_DefaultErrorHandler		CODE           	681A	0000	7
		_EUSART1_SetFramingErrorHandler		CODE           	67B4	0000	11
		_EUSART1_Read  		CODE           	5F20	0000	93
		_EUSART1_SetOverrunErrorHandler		CODE           	67AA	0000	11
		_EUSART1_SetErrorHandler		CODE           	67BE	0000	11
		_EUSART1_Write 		CODE           	5E66	0000	95
		_EUSART1_Receive_ISR		CODE           	551E	0000	193
		_EUSART1_RxDataHandler		CODE           	654C	0000	45
		_EUSART1_DefaultOverrunErrorHandler		CODE           	6814	0000	7
		_EUSART1_Transmit_ISR		CODE           	6228	0000	69
		_EUSART1_DefaultFramingErrorHandler		CODE           	682C	0000	3

mcc_generated_files/eusart1.c estimated size: 765

mcc_generated_files/mcc.c
		_PMD_Initialize		CODE           	665C	0000	29
		_OSCILLATOR_Initialize		CODE           	66A8	0000	25
		_SYSTEM_Initialize		CODE           	663A	0000	35

mcc_generated_files/mcc.c estimated size: 89

C:\Program Files (x86)\Microchip\xc8\v2.10\pic\sources\c99\common\isdigit.c
		_isdigit       		CODE           	648E	0000	57

C:\Program Files (x86)\Microchip\xc8\v2.10\pic\sources\c99\common\isdigit.c estimated size: 57

C:\Program Files (x86)\Microchip\xc8\v2.10\pic\sources\c99\common\lomod.c
		___lomod       		CODE           	5142	0000	209

C:\Program Files (x86)\Microchip\xc8\v2.10\pic\sources\c99\common\lomod.c estimated size: 209

C:\Program Files (x86)\Microchip\xc8\v2.10\pic\sources\c99\common\aomod.c
		___aomod       		CODE           	45CE	0000	357

C:\Program Files (x86)\Microchip\xc8\v2.10\pic\sources\c99\common\aomod.c estimated size: 357

C:\Program Files (x86)\Microchip\xc8\v2.10\pic\sources\c99\common\abs.c
		_abs           		CODE           	62F0	0000	65

C:\Program Files (x86)\Microchip\xc8\v2.10\pic\sources\c99\common\abs.c estimated size: 65

Modbus.c
		_checkCRC      		CODE           	49B8	0000	301
		_ModbusRx      		CODE           	4732	0000	327
		_PrintInput    		CODE           	5C1C	0000	103
		_PrintModbus   		CODE           	30E6	0000	739
		_ModbusError   		CODE           	545C	0000	195
		_ClearRxBuff   		CODE           	610E	0000	75
		_PrintMB400    		CODE           	5AD2	0000	117
		_AddRxBuffToModBus		CODE           	580C	0000	161
		_PrintModRespon		CODE           	2DEC	0000	763
		_PrintHolding  		CODE           	5C82	0000	103
		_generateCRC   		CODE           	5066	0000	221
		_ClearModbusRespon		CODE           	62AE	0000	67
		_RXMode        		CODE           	6802	0000	7
		_UART1_Write_string		CODE           	5B46	0000	111
		_TXMode        		CODE           	6808	0000	7
		_CheckConfig   		CODE           	569A	0000	187
		_ClearModbusData		CODE           	60C2	0000	77
		_ModbusFC10    		CODE           	2AB4	0000	825
		_ModbusFC03    		CODE           	2328	0000	975
		_ModbusFC04    		CODE           	012A	0000	4021

Modbus.c estimated size: 9382

C:\Program Files (x86)\Microchip\xc8\v2.10\pic\sources\c99\common\Umul16.c
		___wmul        		CODE           	6614	0000	39

C:\Program Files (x86)\Microchip\xc8\v2.10\pic\sources\c99\common\Umul16.c estimated size: 39

mcc_generated_files/memory.c
		_DATAEE_WriteByte		CODE           	61A0	0000	69
		_DATAEE_ReadByte		CODE           	6690	0000	25

mcc_generated_files/memory.c estimated size: 94

mcc_generated_files/adcc.c
		_ADCC_GetSingleConversion		CODE           	64C6	0000	47
		_ADCC_Initialize		CODE           	6022	0000	81

mcc_generated_files/adcc.c estimated size: 128

main.c
		_main          		CODE           	3C56	0000	595

main.c estimated size: 595

C:\Program Files (x86)\Microchip\xc8\v2.10\pic\sources\c99\common\isupper.c
		_isupper       		CODE           	6456	0000	57

C:\Program Files (x86)\Microchip\xc8\v2.10\pic\sources\c99\common\isupper.c estimated size: 57

C:\Program Files (x86)\Microchip\xc8\v2.10\pic\sources\c99\common\printf.c
		_printf        		CODE           	65A0	0000	41

C:\Program Files (x86)\Microchip\xc8\v2.10\pic\sources\c99\common\printf.c estimated size: 41

C:\Program Files (x86)\Microchip\xc8\v2.10\pic\sources\c99\common\nf_fputc.c
		_fputc         		CODE           	58AC	0000	151

C:\Program Files (x86)\Microchip\xc8\v2.10\pic\sources\c99\common\nf_fputc.c estimated size: 151

